******************************************************************************
              TMS320C55x Linker PC v4.4.1                      
******************************************************************************
>> Linked Sun Sep 13 17:44:49 2015

OUTPUT FILE NAME:   <CSL_LED_Demo.out>
ENTRY POINT SYMBOL: "_c_int00"  address: 0000e5e5


MEMORY CONFIGURATION

         name            origin    length      used     unused   attr    fill
                        (bytes)   (bytes)    (bytes)   (bytes)
----------------------  --------  ---------  --------  --------  ----  --------
  VEC                   00000100   00000100  00000000  00000100  RW X
  DATA                  00000200   00007e00  00002440  000059c0  RW X
  PROG                  00008000   00010000  0000c4b5  00003b4b  R  X


SECTION ALLOCATION MAP
(Addresses surrounded by []'s are displayed for convenience only!)

output                                                          attributes/
section   page  orgn(bytes) orgn(words) len(bytes) len(words)   input sections
--------  ----  ----------- ----------- ---------- ----------   --------------
.data        0   [ 00000200 ]  00000100          *   00000000   UNINITIALIZED

.sysmem      0   [ 00000200 ]  00000100          *   00001000   UNINITIALIZED
                 [ 00000200 ]  00000100          *   00001000   --HOLE--

.cio         0   [ 00002200 ]  00001100          *   00000120   UNINITIALIZED
                 [ 00002200 ]  00001100          *   00000120   rts55x.lib : trgmsg.obj (.cio)

vectors      0     00002500  [ 00001280 ] 00000200          *   NOLOAD SECTION
                   00002500  [ 00001280 ] 00000100          *   cslVC5505.lib : vectors.obj (vectors)
                   00002600  [ 00001300 ] 00000100          *   rts55x.lib : vectors.obj (vectors)

.text        0     00008000  [ 00004000 ] 00006707          *   
                   00008000  [ 00004000 ] 000015a4          *   rts55x.lib : _printfi.obj (.text)
                   000095a4  [ 00004ad2 ] 00000b18          *   cslVC5505.lib : csl_sar.obj (.text)
                   0000a0bc  [ 0000505e ] 0000068d          *                 : csl_gpio.obj (.text)
                   0000a749  [ 000053a4+] 00000649          *   csl_led_demo.obj (.text)
                   0000ad92  [ 000056c9 ] 00000554          *   cslVC5505.lib : csl_intc.obj (.text)
                   0000b2e6  [ 00005973 ] 00000543          *   rts55x.lib : lowlev.obj (.text)
                   0000b829  [ 00005c14+] 00000528          *              : trgdrv.obj (.text)
                   0000bd51  [ 00005ea8+] 000004b5          *              : memory.obj (.text)
                   0000c206  [ 00006103 ] 000003cc          *              : divd.obj (.text)
                   0000c5d2  [ 000062e9 ] 000002eb          *   cslVC5505.lib : csl_gpt.obj (.text)
                   0000c8bd  [ 0000645e+] 000002d7          *   csl_led_demo.obj (.text:retain)
                   0000cb94  [ 000065ca ] 000002ad          *   cslVC5505.lib : csl_pll.obj (.text)
                   0000ce41  [ 00006720+] 0000027f          *   rts55x.lib : fopen.obj (.text)
                   0000d0c0  [ 00006860 ] 0000025e          *              : llmpy.obj (.text)
                   0000d31e  [ 0000698f ] 0000025a          *              : addd.obj (.text)
                   0000d578  [ 00006abc ] 000001ea          *              : cmpd.obj (.text)
                   0000d762  [ 00006bb1 ] 00000163          *              : fputs.obj (.text)
                   0000d8c5  [ 00006c62+] 0000014c          *              : mpyd.obj (.text)
                   0000da11  [ 00006d08+] 000000e6          *              : setvbuf.obj (.text)
                   0000daf7  [ 00006d7b+] 000000dd          *              : _io_perm.obj (.text)
                   0000dbd4  [ 00006dea ] 000000c2          *              : fflush.obj (.text)
                   0000dc96  [ 00006e4b ] 000000ba          *              : trgmsg.obj (.text:CIO_breakpoint)
                   0000dd50  [ 00006ea8 ] 000000a6          *              : fputc.obj (.text)
                   0000ddf6  [ 00006efb ] 000000a1          *              : divul.obj (.text)
                   0000de97  [ 00006f4b+] 0000008c          *   cslVC5505.lib : csl_irqplug.obj (.text)
                   0000df23  [ 00006f91+] 0000007d          *   rts55x.lib : ltoa.obj (.text)
                   0000dfa0  [ 00006fd0 ] 0000007b          *              : fclose.obj (.text)
                   0000e01b  [ 0000700d+] 00000076          *              : frcmpyd.obj (.text)
                   0000e091  [ 00007048+] 00000073          *              : frcmpyd_div.obj (.text)
                   0000e104  [ 00007082 ] 00000072          *              : remul.obj (.text)
                   0000e176  [ 000070bb ] 0000006f          *              : fixdli.obj (.text)
                   0000e1e5  [ 000070f2+] 0000006d          *   cslVC5505.lib : vectors.obj (.text)
                   0000e252  [ 00007129 ] 0000006d          *   rts55x.lib : trgmsg.obj (.text)
                   0000e2bf  [ 0000715f+] 0000006b          *              : fseek.obj (.text)
                   0000e32a  [ 00007195 ] 00000067          *              : fltlid.obj (.text)
                   0000e391  [ 000071c8+] 0000005c          *              : atoi.obj (.text)
                   0000e3ed  [ 000071f6+] 00000050          *              : printf.obj (.text)
                   0000e43d  [ 0000721e+] 0000004d          *              : autoinit.obj (.text)
                   0000e48a  [ 00007245 ] 0000004b          *              : args_main.obj (.text)
                   0000e4d5  [ 0000726a+] 0000004b          *              : remli.obj (.text)
                   0000e520  [ 00007290 ] 00000048          *              : divli.obj (.text)
                   0000e568  [ 000072b4 ] 0000003f          *              : memcpy.obj (.text)
                   0000e5a7  [ 000072d3+] 0000003e          *              : exit.obj (.text)
                   0000e5e5  [ 000072f2+] 00000034          *              : boot.obj (.text)
                   0000e619  [ 0000730c+] 0000002a          *              : fixdi.obj (.text)
                   0000e643  [ 00007321+] 0000002a          *              : udiv.obj (.text)
                   0000e66d  [ 00007336+] 00000023          *              : memccpy.obj (.text)
                   0000e690  [ 00007348 ] 0000001a          *              : isinf.obj (.text)
                   0000e6aa  [ 00007355 ] 00000014          *              : subd.obj (.text)
                   0000e6be  [ 0000735f ] 00000013          *              : lmpy.obj (.text)
                   0000e6d1  [ 00007368+] 00000012          *              : _lock.obj (.text)
                   0000e6e3  [ 00007371+] 00000010          *              : negd.obj (.text)
                   0000e6f3  [ 00007379+] 0000000a          *              : remove.obj (.text)
                   0000e6fd  [ 0000737e+] 00000007          *              : exit.obj (.text:CIO_breakpoint)
                   0000e704  [ 00007382 ] 00000002          *              : vectors.obj (.text)
                   0000e706  [ 00007383 ] 00000001          *   --HOLE-- [fill = 20]

.stack       0   [ 0000e708 ]  00007384          *   00001800   UNINITIALIZED
                 [ 0000e708 ]  00007384          *   00001800   --HOLE--

.sysstack 
*            0   [ 00011708 ]  00008b84          *   00001000   UNINITIALIZED
                 [ 00011708 ]  00008b84          *   00001000   --HOLE--

.const       0   [ 00013708 ]  00009b84          *   00000350   
                 [ 00013708 ]  00009b84          *   00000212   csl_led_demo.obj (.const:.string)
                 [ 00013b2c ]  00009d96          *   00000101   rts55x.lib : ctype.obj (.const:__ctypes_)
                 [ 00013d2e ]  00009e97          *   00000001   --HOLE-- [fill = 0]
                 [ 00013d30 ]  00009e98          *   00000024              : _printfi.obj (.const:.string)
                 [ 00013d78 ]  00009ebc          *   0000000c              : _printfi.obj (.const)
                 [ 00013d90 ]  00009ec8          *   00000008              : divd.obj (.const:_initial_approx$1)
                 [ 00013da0 ]  00009ed0          *   00000002              : fputs.obj (.const:.string)
                 [ 00013da4 ]  00009ed2          *   00000002              : fltlid.obj (.const)

.bss         0   [ 00013da8 ]  00009ed4          *   00000304   UNINITIALIZED
                 [ 00013da8 ]  00009ed4          *   00000119   rts55x.lib : defs.obj (.bss)
                 [ 00013fda ]  00009fed          *   000000d0              : trgdrv.obj (.bss)
                 [ 0001417a ]  0000a0bd          *   00000001              : fopen.obj (.bss)
                 [ 0001417c ]  0000a0be          *   00000084   cslVC5505.lib : csl_intc.obj (.bss)
                 [ 00014284 ]  0000a142          *   00000071   rts55x.lib : lowlev.obj (.bss)
                 [ 00014366 ]  0000a1b3          *   00000001   --HOLE--
                 [ 00014368 ]  0000a1b4          *   00000016   csl_led_demo.obj (.bss)
                 [ 00014394 ]  0000a1ca          *   00000006   rts55x.lib : memory.obj (.bss)
                 [ 000143a0 ]  0000a1d0          *   00000004              : _lock.obj (.bss)
                 [ 000143a8 ]  0000a1d4          *   00000004              : exit.obj (.bss)

.cinit       0   [ 000143b0 ]  0000a1d8          *   00000083   
                 [ 000143b0 ]  0000a1d8          *   0000002d   rts55x.lib : lowlev.obj (.cinit)
                 [ 0001440a ]  0000a205          *   0000002a              : defs.obj (.cinit)
                 [ 0001445e ]  0000a22f          *   0000000f   csl_led_demo.obj (.cinit)
                 [ 0001447c ]  0000a23e          *   0000000a   rts55x.lib : _lock.obj (.cinit)
                 [ 00014490 ]  0000a248          *   0000000a              : exit.obj (.cinit)
                 [ 000144a4 ]  0000a252          *   00000004              : fopen.obj (.cinit)
                 [ 000144ac ]  0000a256          *   00000004              : memory.obj (.cinit)
                 [ 000144b4 ]  0000a25a          *   00000001   --HOLE-- [fill = 0]


GLOBAL SYMBOLS: SORTED ALPHABETICALLY BY Name 

abs. value/
byte addr   word addr   name
---------   ---------   ----
00000002                $TI_capability$C5500$CallingConvention
00000002                $TI_capability$C5500$MemoryModel
00000001                $TI_capability_requires_rev3
            00009ed4    .bss
            00000100    .data
00008000                .text
0000e6fe                C$$EXIT
0000dd4b                C$$IO$$
0000e6be                I$$LMPY
0000e643                I$$UDIV
0000e658                I$$UMOD
00002500                RST
0000a5a7                _GPIO_clearInt
0000a100                _GPIO_close
0000a124                _GPIO_config
0000a357                _GPIO_configBit
0000a49f                _GPIO_disableInt
0000a51d                _GPIO_enableInt
0000a1a9                _GPIO_getConfig
0000a0bc                _GPIO_open
0000a231                _GPIO_read
0000a6ba                _GPIO_reset
0000a633                _GPIO_statusBit
0000a2b4                _GPIO_write
0000c70f                _GPT_close
0000c816                _GPT_config
0000c7db                _GPT_getCnt
0000c5d2                _GPT_open
0000c695                _GPT_reset
0000c784                _GPT_start
0000c7b1                _GPT_stop
0000bcf3                _HOSTclock
0000bc88                _HOSTclose
0000bbd3                _HOSTlseek
0000bb34                _HOSTopen
0000baa7                _HOSTread
0000b9f9                _HOSTrename
0000b99b                _HOSTtime
0000b931                _HOSTunlink
0000b8a4                _HOSTwrite
0000ae2c                _IRQ_clear
0000ae96                _IRQ_clearAll
0000aea6                _IRQ_config
0000afcc                _IRQ_disable
0000b04a                _IRQ_disableAll
0000b058                _IRQ_enable
0000b152                _IRQ_getArg
0000af39                _IRQ_getConfig
0000b2a0                _IRQ_globalDisable
0000b2b9                _IRQ_globalEnable
0000b2d2                _IRQ_globalRestore
0000ad92                _IRQ_init
0000b1cb                _IRQ_map
0000de97                _IRQ_plug
0000b0e2                _IRQ_restore
0000b198                _IRQ_setArg
0000b1fd                _IRQ_setVecs
0000b22e                _IRQ_test
0000cd86                _PLL_bypass
0000cbf6                _PLL_config
0000cd1f                _PLL_enable
0000cbbe                _PLL_init
0000cdd5                _PLL_reset
00002600                _Reset
00009b27                _SAR_A2DMeasParamSet
00009fa1                _SAR_GPODirSet
0000969e                _SAR_chanClose
00009722                _SAR_chanConfig
00009a1e                _SAR_chanCycSet
00009621                _SAR_chanInit
0000963c                _SAR_chanOpen
0000980a                _SAR_chanSetup
00009601                _SAR_deInit
00009798                _SAR_getConfig
0000a07d                _SAR_getStatus
000095a4                _SAR_init
00009ae6                _SAR_readData
00009a6d                _SAR_startConversion
00009a9f                _SAR_stopConversion
            0000a1c6    _SarHandle
            0000a1c3    _SarObj
00002500                _VECSTART
            00001100    __CIOBUF_
            00008b84    __STACK_END
00003000                __STACK_SIZE
00002000                __SYSMEM_SIZE
00002000                __SYSSTACK_SIZE
00000001                __TI_args_main
ffffffff                ___binit__
            00009ed4    ___bss__
ffffffff                ___c_args__
            0000a1d8    ___cinit__
            00000100    ___data__
            00000100    ___edata__
            0000a1d8    ___end__
0000e707                ___etext__
0000e690                ___isinf
ffffffff                ___pinit__
00008000                ___text__
0000d31e                __addd
0000e48a                __args_main
0000cf62                __cleanup
            0000a1d4    __cleanup_ptr
0000d70a                __cmpd
            00009d96    __ctypes_
0000c206                __divd
0000e520                __divli
0000d2e9                __divlli
0000e643                __divu
0000ddf6                __divul
0000d1f5                __divull
0000dbd4                __doflush
            0000a1d6    __dtors_ptr
0000d6d6                __eqld
0000e619                __fixdi
0000e176                __fixdli
0000e32a                __fltlid
0000e01b                __frcmpyd
0000e091                __frcmpyd_div
            00009fec    __ft_end
            00009ed4    __ftable
0000d68c                __geqd
0000d641                __gtrd
0000d5f4                __leqd
            0000a1d0    __lock
0000d5ac                __lssd
0000d8c5                __mpyd
0000e6be                __mpyli
0000d13d                __mpylli
0000e6e3                __negd
0000d578                __neqd
0000e6e1                __nop
00009362                __printfi
0000db77                __rd_ok
0000e6d9                __register_lock
0000e6d1                __register_unlock
0000e4d5                __remli
0000d10e                __remlli
0000e658                __remu
0000e104                __remul
0000d0c0                __remull
            00007384    __stack
0000e6aa                __subd
            00000100    __sys_memory
            00008b84    __sysstack
            00009f4c    __tmpnams
            0000a1d2    __unlock
0000daf7                __wrt_ok
0000e6fd                _abort
0000b739                _add_device
0000e391                _atoi
0000e43d                _auto_init
0000e5e5                _c_int00
0000c1e0                _calloc
0000c1d8                _chkheap
0000b6c6                _close
            0000a1c0    _config
0000e5a7                _exit
0000dfa0                _fclose
0000dc3d                _fflush
0000b6bd                _find_registered_device
0000d085                _fopen
0000dd50                _fputc
0000d762                _fputs
0000bd51                _free
0000c182                _free_memory
0000cfbc                _freopen
0000e2bf                _fseek
0000abc8                _getSysClk
0000acb5                _getXF
0000b829                _getenv
            0000a1bb    _gpioObj
0000c8bd                _gpt0Isr
            0000a1b6    _gptIntCount
            0000a1b4    _gptIntCountSaved
            0000a1be    _hGpio
0000b657                _lseek
0000df23                _ltoa
0000a749                _main
0000be82                _malloc
0000c128                _max_free
0000e66d                _memccpy
0000e568                _memcpy
0000be1d                _minit
0000b598                _open
0000e3ed                _printf
0000dd50                _putc
0000dde7                _putchar
0000d897                _puts
0000b4ea                _read
0000e252                _readmsg
0000bf77                _realloc
0000e6f3                _remove
0000b4b4                _remove_device
0000b45b                _rename
0000ca73                _sarISR
            0000a1c8    _sarIntCount
            0000a1bd    _sarReadBuffer
0000ac93                _setXF
0000da11                _setvbuf
            0000a1b8    _sysClk
0000ac70                _toggleLED
0000acd0                _toggleULED
0000b428                _unlink
0000b2e6                _write
0000dc96                _writemsg
            0000a1ba    _xfValue
ffffffff                binit
            0000a1d8    cinit
            00000100    edata
            0000a1d8    end
0000e707                etext
ffffffff                pinit


GLOBAL SYMBOLS: SORTED BY Symbol Address 

abs. value/
byte addr   word addr   name
---------   ---------   ----
00000001                $TI_capability_requires_rev3
00000001                __TI_args_main
00000002                $TI_capability$C5500$CallingConvention
00000002                $TI_capability$C5500$MemoryModel
            00000100    .data
            00000100    ___data__
            00000100    ___edata__
            00000100    __sys_memory
            00000100    edata
00002000                __SYSMEM_SIZE
00002000                __SYSSTACK_SIZE
            00001100    __CIOBUF_
00002500                RST
00002500                _VECSTART
00002600                _Reset
00003000                __STACK_SIZE
00008000                .text
00008000                ___text__
00009362                __printfi
000095a4                _SAR_init
00009601                _SAR_deInit
00009621                _SAR_chanInit
0000963c                _SAR_chanOpen
0000969e                _SAR_chanClose
00009722                _SAR_chanConfig
00009798                _SAR_getConfig
0000980a                _SAR_chanSetup
00009a1e                _SAR_chanCycSet
00009a6d                _SAR_startConversion
00009a9f                _SAR_stopConversion
00009ae6                _SAR_readData
00009b27                _SAR_A2DMeasParamSet
00009fa1                _SAR_GPODirSet
0000a07d                _SAR_getStatus
0000a0bc                _GPIO_open
0000a100                _GPIO_close
0000a124                _GPIO_config
0000a1a9                _GPIO_getConfig
0000a231                _GPIO_read
0000a2b4                _GPIO_write
0000a357                _GPIO_configBit
0000a49f                _GPIO_disableInt
0000a51d                _GPIO_enableInt
0000a5a7                _GPIO_clearInt
0000a633                _GPIO_statusBit
0000a6ba                _GPIO_reset
0000a749                _main
0000abc8                _getSysClk
0000ac70                _toggleLED
0000ac93                _setXF
0000acb5                _getXF
0000acd0                _toggleULED
0000ad92                _IRQ_init
0000ae2c                _IRQ_clear
0000ae96                _IRQ_clearAll
0000aea6                _IRQ_config
0000af39                _IRQ_getConfig
0000afcc                _IRQ_disable
0000b04a                _IRQ_disableAll
0000b058                _IRQ_enable
0000b0e2                _IRQ_restore
0000b152                _IRQ_getArg
0000b198                _IRQ_setArg
0000b1cb                _IRQ_map
0000b1fd                _IRQ_setVecs
0000b22e                _IRQ_test
0000b2a0                _IRQ_globalDisable
0000b2b9                _IRQ_globalEnable
0000b2d2                _IRQ_globalRestore
0000b2e6                _write
0000b428                _unlink
0000b45b                _rename
0000b4b4                _remove_device
0000b4ea                _read
0000b598                _open
0000b657                _lseek
0000b6bd                _find_registered_device
0000b6c6                _close
0000b739                _add_device
0000b829                _getenv
0000b8a4                _HOSTwrite
0000b931                _HOSTunlink
0000b99b                _HOSTtime
0000b9f9                _HOSTrename
0000baa7                _HOSTread
0000bb34                _HOSTopen
0000bbd3                _HOSTlseek
0000bc88                _HOSTclose
0000bcf3                _HOSTclock
0000bd51                _free
0000be1d                _minit
0000be82                _malloc
0000bf77                _realloc
0000c128                _max_free
0000c182                _free_memory
0000c1d8                _chkheap
0000c1e0                _calloc
0000c206                __divd
0000c5d2                _GPT_open
0000c695                _GPT_reset
0000c70f                _GPT_close
0000c784                _GPT_start
0000c7b1                _GPT_stop
0000c7db                _GPT_getCnt
0000c816                _GPT_config
0000c8bd                _gpt0Isr
0000ca73                _sarISR
0000cbbe                _PLL_init
0000cbf6                _PLL_config
0000cd1f                _PLL_enable
0000cd86                _PLL_bypass
0000cdd5                _PLL_reset
0000cf62                __cleanup
0000cfbc                _freopen
0000d085                _fopen
0000d0c0                __remull
0000d10e                __remlli
0000d13d                __mpylli
0000d1f5                __divull
0000d2e9                __divlli
0000d31e                __addd
0000d578                __neqd
0000d5ac                __lssd
0000d5f4                __leqd
0000d641                __gtrd
0000d68c                __geqd
0000d6d6                __eqld
0000d70a                __cmpd
0000d762                _fputs
0000d897                _puts
0000d8c5                __mpyd
0000da11                _setvbuf
0000daf7                __wrt_ok
0000db77                __rd_ok
0000dbd4                __doflush
0000dc3d                _fflush
0000dc96                _writemsg
0000dd4b                C$$IO$$
0000dd50                _fputc
0000dd50                _putc
0000dde7                _putchar
0000ddf6                __divul
0000de97                _IRQ_plug
0000df23                _ltoa
0000dfa0                _fclose
0000e01b                __frcmpyd
0000e091                __frcmpyd_div
0000e104                __remul
0000e176                __fixdli
0000e252                _readmsg
0000e2bf                _fseek
0000e32a                __fltlid
0000e391                _atoi
0000e3ed                _printf
0000e43d                _auto_init
0000e48a                __args_main
0000e4d5                __remli
0000e520                __divli
0000e568                _memcpy
0000e5a7                _exit
0000e5e5                _c_int00
0000e619                __fixdi
0000e643                I$$UDIV
0000e643                __divu
0000e658                I$$UMOD
0000e658                __remu
0000e66d                _memccpy
0000e690                ___isinf
0000e6aa                __subd
0000e6be                I$$LMPY
0000e6be                __mpyli
0000e6d1                __register_unlock
0000e6d9                __register_lock
0000e6e1                __nop
0000e6e3                __negd
0000e6f3                _remove
0000e6fd                _abort
0000e6fe                C$$EXIT
0000e707                ___etext__
0000e707                etext
            00007384    __stack
            00008b84    __STACK_END
            00008b84    __sysstack
            00009d96    __ctypes_
            00009ed4    .bss
            00009ed4    ___bss__
            00009ed4    __ftable
            00009f4c    __tmpnams
            00009fec    __ft_end
            0000a1b4    _gptIntCountSaved
            0000a1b6    _gptIntCount
            0000a1b8    _sysClk
            0000a1ba    _xfValue
            0000a1bb    _gpioObj
            0000a1bd    _sarReadBuffer
            0000a1be    _hGpio
            0000a1c0    _config
            0000a1c3    _SarObj
            0000a1c6    _SarHandle
            0000a1c8    _sarIntCount
            0000a1d0    __lock
            0000a1d2    __unlock
            0000a1d4    __cleanup_ptr
            0000a1d6    __dtors_ptr
            0000a1d8    ___cinit__
            0000a1d8    ___end__
            0000a1d8    cinit
            0000a1d8    end
ffffffff                ___binit__
ffffffff                ___c_args__
ffffffff                ___pinit__
ffffffff                binit
ffffffff                pinit

[213 symbols]
