<?xml version="1.0"?>
<link_info>
   <banner>TMS320C55x Linker PC v4.4.1</banner>
   <copyright>Copyright (c) 1996-2012 Texas Instruments Incorporated</copyright>
   <link_time>0x55f7ef47</link_time>
   <output_file>display1.out</output_file>
   <entry_point>
      <name>_c_int00</name>
      <address>0x9451</address>
   </entry_point>
   <input_file_list>
      <input_file id="fl-a">
         <path>.\</path>
         <kind>object</kind>
         <file>sar.obj</file>
         <name>sar.obj</name>
      </input_file>
      <input_file id="fl-b">
         <path>.\</path>
         <kind>object</kind>
         <file>hellocfg_c.obj</file>
         <name>hellocfg_c.obj</name>
      </input_file>
      <input_file id="fl-c">
         <path>.\</path>
         <kind>object</kind>
         <file>hellocfg.obj</file>
         <name>hellocfg.obj</name>
      </input_file>
      <input_file id="fl-d">
         <path>.\</path>
         <kind>object</kind>
         <file>hello.obj</file>
         <name>hello.obj</name>
      </input_file>
      <input_file id="fl-26">
         <path>C:\ti\bios_5_42_01_09\packages\ti\bios\lib\</path>
         <kind>archive</kind>
         <file>bios.a55L</file>
         <name>fxn.o55L</name>
      </input_file>
      <input_file id="fl-27">
         <path>C:\ti\bios_5_42_01_09\packages\ti\bios\lib\</path>
         <kind>archive</kind>
         <file>bios.a55L</file>
         <name>biosdata.o55L</name>
      </input_file>
      <input_file id="fl-28">
         <path>C:\ti\bios_5_42_01_09\packages\ti\bios\lib\</path>
         <kind>archive</kind>
         <file>bios.a55L</file>
         <name>knl_swit.o55L</name>
      </input_file>
      <input_file id="fl-29">
         <path>C:\ti\bios_5_42_01_09\packages\ti\bios\lib\</path>
         <kind>archive</kind>
         <file>bios.a55L</file>
         <name>swi.o55L</name>
      </input_file>
      <input_file id="fl-2a">
         <path>C:\ti\bios_5_42_01_09\packages\ti\bios\lib\</path>
         <kind>archive</kind>
         <file>bios.a55L</file>
         <name>clk_run.o55L</name>
      </input_file>
      <input_file id="fl-2b">
         <path>C:\ti\bios_5_42_01_09\packages\ti\bios\lib\</path>
         <kind>archive</kind>
         <file>bios5505.a55L</file>
         <name>clk5505_htime.o55L</name>
      </input_file>
      <input_file id="fl-2c">
         <path>C:\ti\bios_5_42_01_09\packages\ti\bios\lib\</path>
         <kind>archive</kind>
         <file>bios5505.a55L</file>
         <name>clk5505_isr.o55L</name>
      </input_file>
      <input_file id="fl-2d">
         <path>C:\ti\bios_5_42_01_09\packages\ti\bios\lib\</path>
         <kind>archive</kind>
         <file>bios.a55L</file>
         <name>fxn_c.o55L</name>
      </input_file>
      <input_file id="fl-2e">
         <path>C:\ti\bios_5_42_01_09\packages\ti\bios\lib\</path>
         <kind>archive</kind>
         <file>bios.a55L</file>
         <name>idl_stub.o55L</name>
      </input_file>
      <input_file id="fl-2f">
         <path>C:\ti\bios_5_42_01_09\packages\ti\bios\lib\</path>
         <kind>archive</kind>
         <file>bios.a55L</file>
         <name>utl_doab.o55L</name>
      </input_file>
      <input_file id="fl-30">
         <path>C:\ti\bios_5_42_01_09\packages\ti\bios\lib\</path>
         <kind>archive</kind>
         <file>bios.a55L</file>
         <name>utl_doer.o55L</name>
      </input_file>
      <input_file id="fl-31">
         <path>C:\ti\bios_5_42_01_09\packages\ti\bios\lib\</path>
         <kind>archive</kind>
         <file>bios.a55L</file>
         <name>utl_putc.o55L</name>
      </input_file>
      <input_file id="fl-32">
         <path>C:\ti\bios_5_42_01_09\packages\ti\bios\lib\</path>
         <kind>archive</kind>
         <file>bios.a55L</file>
         <name>utl_halt.o55L</name>
      </input_file>
      <input_file id="fl-33">
         <path>C:\ti\bios_5_42_01_09\packages\ti\bios\lib\</path>
         <kind>archive</kind>
         <file>bios5505.a55L</file>
         <name>clk_itime.o55L</name>
      </input_file>
      <input_file id="fl-34">
         <path>C:\ti\bios_5_42_01_09\packages\ti\bios\lib\</path>
         <kind>archive</kind>
         <file>bios.a55L</file>
         <name>boot.o55L</name>
      </input_file>
      <input_file id="fl-35">
         <path>C:\ti\bios_5_42_01_09\packages\ti\bios\lib\</path>
         <kind>archive</kind>
         <file>bios.a55L</file>
         <name>trc.o55L</name>
      </input_file>
      <input_file id="fl-36">
         <path>C:\ti\bios_5_42_01_09\packages\ti\bios\lib\</path>
         <kind>archive</kind>
         <file>bios.a55L</file>
         <name>hwi_disp_asm.o55L</name>
      </input_file>
      <input_file id="fl-37">
         <path>C:\ti\bios_5_42_01_09\packages\ti\bios\lib\</path>
         <kind>archive</kind>
         <file>bios.a55L</file>
         <name>idl_busy.o55L</name>
      </input_file>
      <input_file id="fl-38">
         <path>C:\ti\bios_5_42_01_09\packages\ti\bios\lib\</path>
         <kind>archive</kind>
         <file>bios.a55L</file>
         <name>idl.o55L</name>
      </input_file>
      <input_file id="fl-39">
         <path>C:\ti\bios_5_42_01_09\packages\ti\bios\lib\</path>
         <kind>archive</kind>
         <file>lnkrtdx.a55L</file>
         <name>rtdx.o55L</name>
      </input_file>
      <input_file id="fl-3a">
         <path>C:\ti\bios_5_42_01_09\packages\ti\bios\lib\</path>
         <kind>archive</kind>
         <file>bios.a55L</file>
         <name>log.o55L</name>
      </input_file>
      <input_file id="fl-3b">
         <path>C:\ti\bios_5_42_01_09\packages\ti\bios\lib\</path>
         <kind>archive</kind>
         <file>bios.a55L</file>
         <name>pip.o55L</name>
      </input_file>
      <input_file id="fl-3c">
         <path>C:\ti\bios_5_42_01_09\packages\ti\bios\lib\</path>
         <kind>archive</kind>
         <file>bios.a55L</file>
         <name>prd.o55L</name>
      </input_file>
      <input_file id="fl-3d">
         <path>C:\ti\bios_5_42_01_09\packages\ti\bios\lib\</path>
         <kind>archive</kind>
         <file>bios.a55L</file>
         <name>rta.o55L</name>
      </input_file>
      <input_file id="fl-3e">
         <path>C:\ti\bios_5_42_01_09\packages\ti\bios\lib\</path>
         <kind>archive</kind>
         <file>bios.a55L</file>
         <name>sts.o55L</name>
      </input_file>
      <input_file id="fl-3f">
         <path>C:\ti\bios_5_42_01_09\packages\ti\bios\lib\</path>
         <kind>archive</kind>
         <file>bios.a55L</file>
         <name>clk_data.o55L</name>
      </input_file>
      <input_file id="fl-40">
         <path>C:\ti\bios_5_42_01_09\packages\ti\bios\lib\</path>
         <kind>archive</kind>
         <file>bios.a55L</file>
         <name>clk_data2.o55L</name>
      </input_file>
      <input_file id="fl-41">
         <path>C:\ti\bios_5_42_01_09\packages\ti\bios\lib\</path>
         <kind>archive</kind>
         <file>bios5505.a55L</file>
         <name>clk5505_start.o55L</name>
      </input_file>
      <input_file id="fl-42">
         <path>C:\ti\bios_5_42_01_09\packages\ti\bios\lib\</path>
         <kind>archive</kind>
         <file>bios.a55L</file>
         <name>c55_c.o55L</name>
      </input_file>
      <input_file id="fl-43">
         <path>C:\ti\bios_5_42_01_09\packages\ti\bios\lib\</path>
         <kind>archive</kind>
         <file>bios5505.a55L</file>
         <name>clk5505_data.o55L</name>
      </input_file>
      <input_file id="fl-44">
         <path>C:\ti\bios_5_42_01_09\packages\ti\bios\lib\</path>
         <kind>archive</kind>
         <file>bios5505.a55L</file>
         <name>clk5505_wdog.o55L</name>
      </input_file>
      <input_file id="fl-45">
         <path>C:\ti\bios_5_42_01_09\packages\ti\bios\lib\</path>
         <kind>archive</kind>
         <file>bios.a55L</file>
         <name>gbl_vers.o55L</name>
      </input_file>
      <input_file id="fl-46">
         <path>C:\ti\bios_5_42_01_09\packages\ti\bios\lib\</path>
         <kind>archive</kind>
         <file>bios.a55L</file>
         <name>hwi_xable.o55L</name>
      </input_file>
      <input_file id="fl-47">
         <path>C:\ti\bios_5_42_01_09\packages\ti\bios\lib\</path>
         <kind>archive</kind>
         <file>bios.a55L</file>
         <name>idl_cal.o55L</name>
      </input_file>
      <input_file id="fl-48">
         <path>C:\ti\bios_5_42_01_09\packages\ti\bios\lib\</path>
         <kind>archive</kind>
         <file>bios5505.a55L</file>
         <name>clk5505_meas.o55L</name>
      </input_file>
      <input_file id="fl-49">
         <path>C:\Users\jerrry\Desktop\Day5\ws_ccs550\cslVC5505\Debug\</path>
         <kind>archive</kind>
         <file>cslVC5505.lib</file>
         <name>csl_intc.obj</name>
      </input_file>
      <input_file id="fl-4a">
         <path>C:\Users\jerrry\Desktop\Day5\ws_ccs550\cslVC5505\Debug\</path>
         <kind>archive</kind>
         <file>cslVC5505.lib</file>
         <name>csl_irqplug.obj</name>
      </input_file>
      <input_file id="fl-4b">
         <path>C:\ti\bios_5_42_01_09\packages\ti\bios\lib\</path>
         <kind>archive</kind>
         <file>bios.a55L</file>
         <name>knl_exit.o55L</name>
      </input_file>
      <input_file id="fl-4c">
         <path>C:\ti\bios_5_42_01_09\packages\ti\bios\lib\</path>
         <kind>archive</kind>
         <file>bios.a55L</file>
         <name>knl_chec.o55L</name>
      </input_file>
      <input_file id="fl-4d">
         <path>C:\ti\bios_5_42_01_09\packages\ti\bios\lib\</path>
         <kind>archive</kind>
         <file>bios.a55L</file>
         <name>knl.o55L</name>
      </input_file>
      <input_file id="fl-4e">
         <path>C:\ti\bios_5_42_01_09\packages\ti\bios\lib\</path>
         <kind>archive</kind>
         <file>bios.a55L</file>
         <name>knl_run.o55L</name>
      </input_file>
      <input_file id="fl-4f">
         <path>C:\ti\bios_5_42_01_09\packages\ti\bios\lib\</path>
         <kind>archive</kind>
         <file>bios.a55L</file>
         <name>knl_tick.o55L</name>
      </input_file>
      <input_file id="fl-50">
         <path>C:\ti\bios_5_42_01_09\packages\ti\bios\lib\</path>
         <kind>archive</kind>
         <file>bios.a55L</file>
         <name>knl_post.o55L</name>
      </input_file>
      <input_file id="fl-51">
         <path>C:\ti\bios_5_42_01_09\packages\ti\bios\lib\</path>
         <kind>archive</kind>
         <file>bios.a55L</file>
         <name>knl_ipos.o55L</name>
      </input_file>
      <input_file id="fl-52">
         <path>C:\ti\bios_5_42_01_09\packages\ti\bios\lib\</path>
         <kind>archive</kind>
         <file>bios.a55L</file>
         <name>mem_asm.o55L</name>
      </input_file>
      <input_file id="fl-53">
         <path>C:\ti\bios_5_42_01_09\packages\ti\bios\lib\</path>
         <kind>archive</kind>
         <file>bios.a55L</file>
         <name>mem_init.o55L</name>
      </input_file>
      <input_file id="fl-54">
         <path>C:\ti\bios_5_42_01_09\packages\ti\bios\lib\</path>
         <kind>archive</kind>
         <file>bios.a55L</file>
         <name>obj_init.o55L</name>
      </input_file>
      <input_file id="fl-55">
         <path>C:\ti\bios_5_42_01_09\packages\ti\bios\lib\</path>
         <kind>archive</kind>
         <file>bios.a55L</file>
         <name>rtdx_data.o55L</name>
      </input_file>
      <input_file id="fl-56">
         <path>C:\ti\bios_5_42_01_09\packages\ti\rtdx\lib\c5500\</path>
         <kind>archive</kind>
         <file>rtdxx.lib</file>
         <name>buffer2.o55L</name>
      </input_file>
      <input_file id="fl-57">
         <path>C:\ti\bios_5_42_01_09\packages\ti\rtdx\lib\c5500\</path>
         <kind>archive</kind>
         <file>rtdxx.lib</file>
         <name>buffer1.o55L</name>
      </input_file>
      <input_file id="fl-58">
         <path>C:\ti\bios_5_42_01_09\packages\ti\rtdx\lib\c5500\</path>
         <kind>archive</kind>
         <file>rtdxx.lib</file>
         <name>rtdx_mon.o55L</name>
      </input_file>
      <input_file id="fl-59">
         <path>C:\ti\bios_5_42_01_09\packages\ti\rtdx\lib\c5500\</path>
         <kind>archive</kind>
         <file>rtdxx.lib</file>
         <name>intr_tgt.o55L</name>
      </input_file>
      <input_file id="fl-5a">
         <path>C:\Users\jerrry\Desktop\Day5\ws_ccs550\cslVC5505\Debug\</path>
         <kind>archive</kind>
         <file>cslVC5505.lib</file>
         <name>csl_sar.obj</name>
      </input_file>
      <input_file id="fl-5b">
         <path>C:\ti\bios_5_42_01_09\packages\ti\bios\lib\</path>
         <kind>archive</kind>
         <file>bios.a55L</file>
         <name>sts_set.o55L</name>
      </input_file>
      <input_file id="fl-5c">
         <path>C:\ti\bios_5_42_01_09\packages\ti\bios\lib\</path>
         <kind>archive</kind>
         <file>bios.a55L</file>
         <name>tsk.o55L</name>
      </input_file>
      <input_file id="fl-5d">
         <path>C:\ti\bios_5_42_01_09\packages\ti\bios\lib\</path>
         <kind>archive</kind>
         <file>bios.a55L</file>
         <name>tsk_exit.o55L</name>
      </input_file>
      <input_file id="fl-5e">
         <path>C:\ti\bios_5_42_01_09\packages\ti\bios\lib\</path>
         <kind>archive</kind>
         <file>bios.a55L</file>
         <name>sys_exit.o55L</name>
      </input_file>
      <input_file id="fl-5f">
         <path>C:\ti\bios_5_42_01_09\packages\ti\bios\lib\</path>
         <kind>archive</kind>
         <file>bios.a55L</file>
         <name>sys.o55L</name>
      </input_file>
      <input_file id="fl-60">
         <path>C:\ti\bios_5_42_01_09\packages\ti\bios\lib\</path>
         <kind>archive</kind>
         <file>bios.a55L</file>
         <name>tsk_init.o55L</name>
      </input_file>
      <input_file id="fl-61">
         <path>C:\ti\bios_5_42_01_09\packages\ti\bios\lib\</path>
         <kind>archive</kind>
         <file>bios.a55L</file>
         <name>tsk_setu.o55L</name>
      </input_file>
      <input_file id="fl-62">
         <path>C:\ti\bios_5_42_01_09\packages\ti\bios\lib\</path>
         <kind>archive</kind>
         <file>bios.a55L</file>
         <name>tsk_stup.o55L</name>
      </input_file>
      <input_file id="fl-63">
         <path>C:\ti\bios_5_42_01_09\packages\ti\bios\lib\</path>
         <kind>archive</kind>
         <file>bios.a55L</file>
         <name>lck.o55L</name>
      </input_file>
      <input_file id="fl-64">
         <path>C:\ti\bios_5_42_01_09\packages\ti\bios\lib\</path>
         <kind>archive</kind>
         <file>bios.a55L</file>
         <name>sem_pend_counting.o55L</name>
      </input_file>
      <input_file id="fl-65">
         <path>C:\ti\bios_5_42_01_09\packages\ti\bios\lib\</path>
         <kind>archive</kind>
         <file>bios.a55L</file>
         <name>sem_pend.o55L</name>
      </input_file>
      <input_file id="fl-66">
         <path>C:\ti\bios_5_42_01_09\packages\ti\bios\lib\</path>
         <kind>archive</kind>
         <file>bios.a55L</file>
         <name>sem_post_asm.o55L</name>
      </input_file>
      <input_file id="fl-67">
         <path>C:\ti\bios_5_42_01_09\packages\ti\bios\lib\</path>
         <kind>archive</kind>
         <file>bios.a55L</file>
         <name>sem_post.o55L</name>
      </input_file>
      <input_file id="fl-68">
         <path>C:\ti\bios_5_42_01_09\packages\ti\bios\lib\</path>
         <kind>archive</kind>
         <file>bios.a55L</file>
         <name>sys_abor.o55L</name>
      </input_file>
      <input_file id="fl-69">
         <path>C:\Users\jerrry\Desktop\Day1\usbstk5515_v1\lib\</path>
         <kind>archive</kind>
         <file>usbstk5515bsl.lib</file>
         <name>usbstk5515_gpio.obj</name>
      </input_file>
      <input_file id="fl-6a">
         <path>C:\Users\jerrry\Desktop\Day1\usbstk5515_v1\lib\</path>
         <kind>archive</kind>
         <file>usbstk5515bsl.lib</file>
         <name>usbstk5515_i2c.obj</name>
      </input_file>
      <input_file id="fl-6b">
         <path>C:\Users\jerrry\Desktop\Day1\usbstk5515_v1\lib\</path>
         <kind>archive</kind>
         <file>usbstk5515bsl.lib</file>
         <name>usbstk5515_led.obj</name>
      </input_file>
      <input_file id="fl-6c">
         <path>C:\Users\jerrry\Desktop\Day1\usbstk5515_v1\lib\</path>
         <kind>archive</kind>
         <file>usbstk5515bsl.lib</file>
         <name>usbstk5515.obj</name>
      </input_file>
      <input_file id="fl-6d">
         <path>C:\ti\bios_5_42_01_09\packages\ti\bios\lib\</path>
         <kind>archive</kind>
         <file>bios.a55L</file>
         <name>sem_dopo.o55L</name>
      </input_file>
      <input_file id="fl-6e">
         <path>C:\ti\ccsv5\tools\compiler\c5500_4.4.1\lib\</path>
         <kind>archive</kind>
         <file>rts55x.lib</file>
         <name>cmpd.obj</name>
      </input_file>
      <input_file id="fl-6f">
         <path>C:\ti\ccsv5\tools\compiler\c5500_4.4.1\lib\</path>
         <kind>archive</kind>
         <file>rts55x.lib</file>
         <name>fltid.obj</name>
      </input_file>
      <input_file id="fl-70">
         <path>C:\ti\ccsv5\tools\compiler\c5500_4.4.1\lib\</path>
         <kind>archive</kind>
         <file>rts55x.lib</file>
         <name>fltlid.obj</name>
      </input_file>
      <input_file id="fl-71">
         <path>C:\ti\ccsv5\tools\compiler\c5500_4.4.1\lib\</path>
         <kind>archive</kind>
         <file>rts55x.lib</file>
         <name>lmpy.obj</name>
      </input_file>
      <input_file id="fl-72">
         <path>C:\ti\ccsv5\tools\compiler\c5500_4.4.1\lib\</path>
         <kind>archive</kind>
         <file>rts55x.lib</file>
         <name>_lock.obj</name>
      </input_file>
      <input_file id="fl-73">
         <path>C:\ti\ccsv5\tools\compiler\c5500_4.4.1\lib\</path>
         <kind>archive</kind>
         <file>rts55x.lib</file>
         <name>atexit.obj</name>
      </input_file>
      <input_file id="fl-74">
         <path>C:\ti\ccsv5\tools\compiler\c5500_4.4.1\lib\</path>
         <kind>archive</kind>
         <file>rts55x.lib</file>
         <name>sinit.obj</name>
      </input_file>
      <input_file id="fl-75">
         <path>C:\ti\ccsv5\tools\compiler\c5500_4.4.1\lib\</path>
         <kind>archive</kind>
         <file>rts55x.lib</file>
         <name>exit.obj</name>
      </input_file>
      <input_file id="fl-76">
         <path>C:\ti\bios_5_42_01_09\packages\ti\bios\lib\</path>
         <kind>archive</kind>
         <file>bios.a55L</file>
         <name>autoinit.o55L</name>
      </input_file>
      <input_file id="fl-77">
         <path>C:\ti\ccsv5\tools\compiler\c5500_4.4.1\lib\</path>
         <kind>archive</kind>
         <file>rts55x.lib</file>
         <name>memcpy.obj</name>
      </input_file>
      <input_file id="fl-78">
         <path>C:\ti\bios_5_42_01_09\packages\ti\bios\lib\</path>
         <kind>archive</kind>
         <file>bios.a55L</file>
         <name>rta_andn.o55L</name>
      </input_file>
   </input_file_list>
   <object_component_list>
      <object_component id="oc-70">
         <name>.vers</name>
         <load_address>0x0</load_address>
         <run_address>0x0</run_address>
         <size>0x78</size>
         <input_file_ref idref="fl-c"/>
      </object_component>
      <object_component id="oc-5f">
         <name>.clk</name>
         <uninitialized>true</uninitialized>
         <run_address>0x9e48</run_address>
         <size>0x8</size>
         <input_file_ref idref="fl-c"/>
      </object_component>
      <object_component id="oc-60">
         <name>.prd</name>
         <uninitialized>true</uninitialized>
         <run_address>0x9de4</run_address>
         <size>0x18</size>
         <input_file_ref idref="fl-c"/>
      </object_component>
      <object_component id="oc-67">
         <name>.swi</name>
         <uninitialized>true</uninitialized>
         <run_address>0x9cf4</run_address>
         <size>0x50</size>
         <input_file_ref idref="fl-c"/>
      </object_component>
      <object_component id="oc-69">
         <name>.tsk</name>
         <uninitialized>true</uninitialized>
         <run_address>0x9c4c</run_address>
         <size>0x58</size>
         <input_file_ref idref="fl-c"/>
      </object_component>
      <object_component id="oc-6b">
         <name>.idl</name>
         <uninitialized>true</uninitialized>
         <run_address>0x9e0c</run_address>
         <size>0x10</size>
         <input_file_ref idref="fl-c"/>
      </object_component>
      <object_component id="oc-6a">
         <name>.idlcal</name>
         <uninitialized>true</uninitialized>
         <run_address>0x9e1c</run_address>
         <size>0x10</size>
         <input_file_ref idref="fl-c"/>
      </object_component>
      <object_component id="oc-45">
         <name>.bss</name>
         <uninitialized>true</uninitialized>
         <run_address>0x8cc0</run_address>
         <size>0x28</size>
         <input_file_ref idref="fl-c"/>
      </object_component>
      <object_component id="oc-51">
         <name>.bss</name>
         <uninitialized>true</uninitialized>
         <run_address>0x8d60</run_address>
         <size>0x6</size>
         <input_file_ref idref="fl-a"/>
      </object_component>
      <object_component id="oc-75">
         <name>.bss</name>
         <uninitialized>true</uninitialized>
         <run_address>0x8ce8</run_address>
         <size>0x1e</size>
         <input_file_ref idref="fl-d"/>
      </object_component>
      <object_component id="oc-a3">
         <name>.bss</name>
         <uninitialized>true</uninitialized>
         <run_address>0x8d30</run_address>
         <size>0xc</size>
         <input_file_ref idref="fl-31"/>
      </object_component>
      <object_component id="oc-e3">
         <name>.bss</name>
         <uninitialized>true</uninitialized>
         <run_address>0x8d48</run_address>
         <size>0x8</size>
         <input_file_ref idref="fl-3f"/>
      </object_component>
      <object_component id="oc-e7">
         <name>.bss</name>
         <uninitialized>true</uninitialized>
         <run_address>0x8d68</run_address>
         <size>0x4</size>
         <input_file_ref idref="fl-40"/>
      </object_component>
      <object_component id="oc-f3">
         <name>.bss</name>
         <uninitialized>true</uninitialized>
         <run_address>0x8d08</run_address>
         <size>0x18</size>
         <input_file_ref idref="fl-43"/>
      </object_component>
      <object_component id="oc-10c">
         <name>.bss</name>
         <uninitialized>true</uninitialized>
         <run_address>0x8a98</run_address>
         <size>0x108</size>
         <input_file_ref idref="fl-49"/>
      </object_component>
      <object_component id="oc-11d">
         <name>.bss</name>
         <uninitialized>true</uninitialized>
         <run_address>0x8984</run_address>
         <size>0x114</size>
         <input_file_ref idref="fl-4d"/>
      </object_component>
      <object_component id="oc-126">
         <name>.bss</name>
         <uninitialized>true</uninitialized>
         <run_address>0x8d20</run_address>
         <size>0x10</size>
         <input_file_ref idref="fl-4f"/>
      </object_component>
      <object_component id="oc-134">
         <name>.bss</name>
         <uninitialized>true</uninitialized>
         <run_address>0x8d6c</run_address>
         <size>0x4</size>
         <input_file_ref idref="fl-52"/>
      </object_component>
      <object_component id="oc-13c">
         <name>.bss</name>
         <uninitialized>true</uninitialized>
         <run_address>0x8c50</run_address>
         <size>0x46</size>
         <input_file_ref idref="fl-54"/>
      </object_component>
      <object_component id="oc-146">
         <name>.bss</name>
         <uninitialized>true</uninitialized>
         <run_address>0x8d3c</run_address>
         <size>0xc</size>
         <input_file_ref idref="fl-57"/>
      </object_component>
      <object_component id="oc-157">
         <name>.bss</name>
         <uninitialized>true</uninitialized>
         <run_address>0x8ba0</run_address>
         <size>0x60</size>
         <input_file_ref idref="fl-5c"/>
      </object_component>
      <object_component id="oc-165">
         <name>.bss</name>
         <uninitialized>true</uninitialized>
         <run_address>0x8c98</run_address>
         <size>0x28</size>
         <input_file_ref idref="fl-5f"/>
      </object_component>
      <object_component id="oc-173">
         <name>.bss</name>
         <uninitialized>true</uninitialized>
         <run_address>0x8c00</run_address>
         <size>0x50</size>
         <input_file_ref idref="fl-62"/>
      </object_component>
      <object_component id="oc-198">
         <name>.bss</name>
         <uninitialized>true</uninitialized>
         <run_address>0x8c96</run_address>
         <size>0x2</size>
         <input_file_ref idref="fl-6a"/>
      </object_component>
      <object_component id="oc-1be">
         <name>.bss</name>
         <uninitialized>true</uninitialized>
         <run_address>0x8d50</run_address>
         <size>0x8</size>
         <input_file_ref idref="fl-72"/>
      </object_component>
      <object_component id="oc-1c4">
         <name>.bss</name>
         <uninitialized>true</uninitialized>
         <run_address>0x8800</run_address>
         <size>0x184</size>
         <input_file_ref idref="fl-73"/>
      </object_component>
      <object_component id="oc-1ca">
         <name>.bss</name>
         <uninitialized>true</uninitialized>
         <run_address>0x8d70</run_address>
         <size>0x4</size>
         <input_file_ref idref="fl-74"/>
      </object_component>
      <object_component id="oc-1d0">
         <name>.bss</name>
         <uninitialized>true</uninitialized>
         <run_address>0x8d58</run_address>
         <size>0x8</size>
         <input_file_ref idref="fl-75"/>
      </object_component>
      <object_component id="oc-b8">
         <name>.hwi_disp_sec</name>
         <uninitialized>true</uninitialized>
         <run_address>0x98b0</run_address>
         <size>0x180</size>
         <input_file_ref idref="fl-36"/>
      </object_component>
      <object_component id="oc-80">
         <name>.sysdata</name>
         <uninitialized>true</uninitialized>
         <run_address>0x9714</run_address>
         <size>0x160</size>
         <input_file_ref idref="fl-27"/>
      </object_component>
      <object_component id="oc-bd">
         <name>.sysdata</name>
         <uninitialized>true</uninitialized>
         <run_address>0x98ac</run_address>
         <size>0x4</size>
         <input_file_ref idref="fl-37"/>
      </object_component>
      <object_component id="oc-c7">
         <name>.sysdata</name>
         <uninitialized>true</uninitialized>
         <run_address>0x98a0</run_address>
         <size>0xc</size>
         <input_file_ref idref="fl-39"/>
      </object_component>
      <object_component id="oc-d9">
         <name>.sysdata</name>
         <uninitialized>true</uninitialized>
         <run_address>0x9874</run_address>
         <size>0x2c</size>
         <input_file_ref idref="fl-3d"/>
      </object_component>
      <object_component id="oc-5a">
         <name>.mem</name>
         <uninitialized>true</uninitialized>
         <run_address>0x29ea</run_address>
         <size>0x2</size>
         <input_file_ref idref="fl-c"/>
      </object_component>
      <object_component id="oc-47">
         <name>.bios</name>
         <load_address>0x29ec</load_address>
         <run_address>0x29ec</run_address>
         <size>0x3d4</size>
         <input_file_ref idref="fl-29"/>
      </object_component>
      <object_component id="oc-c9">
         <name>.bios</name>
         <load_address>0x2dc0</load_address>
         <run_address>0x2dc0</run_address>
         <size>0x3a3</size>
         <input_file_ref idref="fl-39"/>
      </object_component>
      <object_component id="oc-b9">
         <name>.bios</name>
         <load_address>0x3163</load_address>
         <run_address>0x3163</run_address>
         <size>0x35f</size>
         <input_file_ref idref="fl-36"/>
      </object_component>
      <object_component id="oc-182">
         <name>.bios</name>
         <load_address>0x34c4</load_address>
         <run_address>0x34c4</run_address>
         <size>0x18b</size>
         <input_file_ref idref="fl-65"/>
      </object_component>
      <object_component id="oc-d5">
         <name>.bios</name>
         <load_address>0x364f</load_address>
         <run_address>0x364f</run_address>
         <size>0x186</size>
         <input_file_ref idref="fl-3c"/>
      </object_component>
      <object_component id="oc-122">
         <name>.bios</name>
         <load_address>0x37d8</load_address>
         <run_address>0x37d8</run_address>
         <size>0x185</size>
         <input_file_ref idref="fl-4e"/>
      </object_component>
      <object_component id="oc-128">
         <name>.bios</name>
         <load_address>0x3960</load_address>
         <run_address>0x3960</run_address>
         <size>0x144</size>
         <input_file_ref idref="fl-4f"/>
      </object_component>
      <object_component id="oc-db">
         <name>.bios</name>
         <load_address>0x3aa4</load_address>
         <run_address>0x3aa4</run_address>
         <size>0x130</size>
         <input_file_ref idref="fl-3d"/>
      </object_component>
      <object_component id="oc-d1">
         <name>.bios</name>
         <load_address>0x3bd4</load_address>
         <run_address>0x3bd4</run_address>
         <size>0x119</size>
         <input_file_ref idref="fl-3b"/>
      </object_component>
      <object_component id="oc-42">
         <name>.bios</name>
         <load_address>0x3ced</load_address>
         <run_address>0x3ced</run_address>
         <size>0x10e</size>
         <input_file_ref idref="fl-28"/>
      </object_component>
      <object_component id="oc-1a8">
         <name>.bios</name>
         <load_address>0x3dfc</load_address>
         <run_address>0x3dfc</run_address>
         <size>0x104</size>
         <input_file_ref idref="fl-6d"/>
      </object_component>
      <object_component id="oc-15d">
         <name>.bios</name>
         <load_address>0x3f00</load_address>
         <run_address>0x3f00</run_address>
         <size>0xf8</size>
         <input_file_ref idref="fl-5d"/>
      </object_component>
      <object_component id="oc-16e">
         <name>.bios</name>
         <load_address>0x3ff8</load_address>
         <run_address>0x3ff8</run_address>
         <size>0xf6</size>
         <input_file_ref idref="fl-61"/>
      </object_component>
      <object_component id="oc-175">
         <name>.bios</name>
         <load_address>0x40f0</load_address>
         <run_address>0x40f0</run_address>
         <size>0xbf</size>
         <input_file_ref idref="fl-62"/>
      </object_component>
      <object_component id="oc-ef">
         <name>.bios</name>
         <load_address>0x41af</load_address>
         <run_address>0x41af</run_address>
         <size>0xa2</size>
         <input_file_ref idref="fl-42"/>
      </object_component>
      <object_component id="oc-eb">
         <name>.bios</name>
         <load_address>0x4254</load_address>
         <run_address>0x4254</run_address>
         <size>0x90</size>
         <input_file_ref idref="fl-41"/>
      </object_component>
      <object_component id="oc-119">
         <name>.bios</name>
         <load_address>0x42e4</load_address>
         <run_address>0x42e4</run_address>
         <size>0x8d</size>
         <input_file_ref idref="fl-4c"/>
      </object_component>
      <object_component id="oc-48">
         <name>.bios</name>
         <load_address>0x4374</load_address>
         <run_address>0x4374</run_address>
         <size>0x8d</size>
         <input_file_ref idref="fl-2c"/>
      </object_component>
      <object_component id="oc-4a">
         <name>.bios</name>
         <load_address>0x4404</load_address>
         <run_address>0x4404</run_address>
         <size>0x87</size>
         <input_file_ref idref="fl-2b"/>
      </object_component>
      <object_component id="oc-186">
         <name>.bios</name>
         <load_address>0x448b</load_address>
         <run_address>0x448b</run_address>
         <size>0x82</size>
         <input_file_ref idref="fl-66"/>
      </object_component>
      <object_component id="oc-107">
         <name>.bios</name>
         <load_address>0x4510</load_address>
         <run_address>0x4510</run_address>
         <size>0x68</size>
         <input_file_ref idref="fl-48"/>
      </object_component>
      <object_component id="oc-115">
         <name>.bios</name>
         <load_address>0x4578</load_address>
         <run_address>0x4578</run_address>
         <size>0x5f</size>
         <input_file_ref idref="fl-4b"/>
      </object_component>
      <object_component id="oc-130">
         <name>.bios</name>
         <load_address>0x45d8</load_address>
         <run_address>0x45d8</run_address>
         <size>0x5b</size>
         <input_file_ref idref="fl-51"/>
      </object_component>
      <object_component id="oc-17a">
         <name>.bios</name>
         <load_address>0x4634</load_address>
         <run_address>0x4634</run_address>
         <size>0x58</size>
         <input_file_ref idref="fl-63"/>
      </object_component>
      <object_component id="oc-cd">
         <name>.bios</name>
         <load_address>0x468c</load_address>
         <run_address>0x468c</run_address>
         <size>0x51</size>
         <input_file_ref idref="fl-3a"/>
      </object_component>
      <object_component id="oc-17e">
         <name>.bios</name>
         <load_address>0x46dd</load_address>
         <run_address>0x46dd</run_address>
         <size>0x4e</size>
         <input_file_ref idref="fl-64"/>
      </object_component>
      <object_component id="oc-18a">
         <name>.bios</name>
         <load_address>0x472c</load_address>
         <run_address>0x472c</run_address>
         <size>0x48</size>
         <input_file_ref idref="fl-67"/>
      </object_component>
      <object_component id="oc-df">
         <name>.bios</name>
         <load_address>0x4774</load_address>
         <run_address>0x4774</run_address>
         <size>0x48</size>
         <input_file_ref idref="fl-3e"/>
      </object_component>
      <object_component id="oc-161">
         <name>.bios</name>
         <load_address>0x47bc</load_address>
         <run_address>0x47bc</run_address>
         <size>0x48</size>
         <input_file_ref idref="fl-5e"/>
      </object_component>
      <object_component id="oc-bf">
         <name>.bios</name>
         <load_address>0x4804</load_address>
         <run_address>0x4804</run_address>
         <size>0x47</size>
         <input_file_ref idref="fl-37"/>
      </object_component>
      <object_component id="oc-103">
         <name>.bios</name>
         <load_address>0x484b</load_address>
         <run_address>0x484b</run_address>
         <size>0x46</size>
         <input_file_ref idref="fl-47"/>
      </object_component>
      <object_component id="oc-1de">
         <name>.bios</name>
         <load_address>0x4891</load_address>
         <run_address>0x4891</run_address>
         <size>0x43</size>
         <input_file_ref idref="fl-78"/>
      </object_component>
      <object_component id="oc-4b">
         <name>.bios</name>
         <load_address>0x48d4</load_address>
         <run_address>0x48d4</run_address>
         <size>0x36</size>
         <input_file_ref idref="fl-31"/>
      </object_component>
      <object_component id="oc-12c">
         <name>.bios</name>
         <load_address>0x490c</load_address>
         <run_address>0x490c</run_address>
         <size>0x34</size>
         <input_file_ref idref="fl-50"/>
      </object_component>
      <object_component id="oc-ab">
         <name>.bios</name>
         <load_address>0x4940</load_address>
         <run_address>0x4940</run_address>
         <size>0x34</size>
         <input_file_ref idref="fl-33"/>
      </object_component>
      <object_component id="oc-44">
         <name>.bios</name>
         <load_address>0x4974</load_address>
         <run_address>0x4974</run_address>
         <size>0x25</size>
         <input_file_ref idref="fl-26"/>
      </object_component>
      <object_component id="oc-4f">
         <name>.bios</name>
         <load_address>0x4999</load_address>
         <run_address>0x4999</run_address>
         <size>0x24</size>
         <input_file_ref idref="fl-2e"/>
      </object_component>
      <object_component id="oc-43">
         <name>.bios</name>
         <load_address>0x49c0</load_address>
         <run_address>0x49c0</run_address>
         <size>0x23</size>
         <input_file_ref idref="fl-2f"/>
      </object_component>
      <object_component id="oc-4d">
         <name>.bios</name>
         <load_address>0x49e4</load_address>
         <run_address>0x49e4</run_address>
         <size>0x20</size>
         <input_file_ref idref="fl-30"/>
      </object_component>
      <object_component id="oc-ff">
         <name>.bios</name>
         <load_address>0x4a04</load_address>
         <run_address>0x4a04</run_address>
         <size>0x1a</size>
         <input_file_ref idref="fl-46"/>
      </object_component>
      <object_component id="oc-49">
         <name>.bios</name>
         <load_address>0x4a1e</load_address>
         <run_address>0x4a1e</run_address>
         <size>0x17</size>
         <input_file_ref idref="fl-2a"/>
      </object_component>
      <object_component id="oc-18e">
         <name>.bios</name>
         <load_address>0x4a38</load_address>
         <run_address>0x4a38</run_address>
         <size>0x17</size>
         <input_file_ref idref="fl-68"/>
      </object_component>
      <object_component id="oc-c3">
         <name>.bios</name>
         <load_address>0x4a4f</load_address>
         <run_address>0x4a4f</run_address>
         <size>0xc</size>
         <input_file_ref idref="fl-38"/>
      </object_component>
      <object_component id="oc-4c">
         <name>.bios</name>
         <load_address>0x4a5c</load_address>
         <run_address>0x4a5c</run_address>
         <size>0x8</size>
         <input_file_ref idref="fl-32"/>
      </object_component>
      <object_component id="oc-153">
         <name>.bios</name>
         <load_address>0x4a64</load_address>
         <run_address>0x4a64</run_address>
         <size>0x7</size>
         <input_file_ref idref="fl-5b"/>
      </object_component>
      <object_component id="oc-fb">
         <name>.bios</name>
         <load_address>0x4a6b</load_address>
         <run_address>0x4a6b</run_address>
         <size>0x6</size>
         <input_file_ref idref="fl-45"/>
      </object_component>
      <object_component id="oc-4e">
         <name>.bios</name>
         <load_address>0x4a74</load_address>
         <run_address>0x4a74</run_address>
         <size>0x2</size>
         <input_file_ref idref="fl-2d"/>
      </object_component>
      <object_component id="oc-f7">
         <name>.bios</name>
         <load_address>0x4a78</load_address>
         <run_address>0x4a78</run_address>
         <size>0x2</size>
         <input_file_ref idref="fl-44"/>
      </object_component>
      <object_component id="oc-74">
         <name>.text</name>
         <load_address>0xc0</load_address>
         <run_address>0xc0</run_address>
         <size>0xc94</size>
         <input_file_ref idref="fl-d"/>
      </object_component>
      <object_component id="oc-14e">
         <name>.text</name>
         <load_address>0xd54</load_address>
         <run_address>0xd54</run_address>
         <size>0xb18</size>
         <input_file_ref idref="fl-5a"/>
      </object_component>
      <object_component id="oc-10b">
         <name>.text</name>
         <load_address>0x186c</load_address>
         <run_address>0x186c</run_address>
         <size>0x554</size>
         <input_file_ref idref="fl-49"/>
      </object_component>
      <object_component id="oc-1ac">
         <name>.text</name>
         <load_address>0x1dc0</load_address>
         <run_address>0x1dc0</run_address>
         <size>0x1ea</size>
         <input_file_ref idref="fl-6e"/>
      </object_component>
      <object_component id="oc-19e">
         <name>.text</name>
         <load_address>0x1faa</load_address>
         <run_address>0x1faa</run_address>
         <size>0x1c9</size>
         <input_file_ref idref="fl-6b"/>
      </object_component>
      <object_component id="oc-50">
         <name>.text</name>
         <load_address>0x2173</load_address>
         <run_address>0x2173</run_address>
         <size>0x192</size>
         <input_file_ref idref="fl-a"/>
      </object_component>
      <object_component id="oc-192">
         <name>.text</name>
         <load_address>0x2305</load_address>
         <run_address>0x2305</run_address>
         <size>0x156</size>
         <input_file_ref idref="fl-69"/>
      </object_component>
      <object_component id="oc-197">
         <name>.text</name>
         <load_address>0x245b</load_address>
         <run_address>0x245b</run_address>
         <size>0x13e</size>
         <input_file_ref idref="fl-6a"/>
      </object_component>
      <object_component id="oc-78">
         <name>.text:retain</name>
         <load_address>0x2599</load_address>
         <run_address>0x2599</run_address>
         <size>0x113</size>
         <input_file_ref idref="fl-d"/>
      </object_component>
      <object_component id="oc-111">
         <name>.text</name>
         <load_address>0x26ac</load_address>
         <run_address>0x26ac</run_address>
         <size>0x8c</size>
         <input_file_ref idref="fl-4a"/>
      </object_component>
      <object_component id="oc-1c9">
         <name>.text</name>
         <load_address>0x2738</load_address>
         <run_address>0x2738</run_address>
         <size>0x75</size>
         <input_file_ref idref="fl-74"/>
      </object_component>
      <object_component id="oc-1c3">
         <name>.text</name>
         <load_address>0x27ad</load_address>
         <run_address>0x27ad</run_address>
         <size>0x6f</size>
         <input_file_ref idref="fl-73"/>
      </object_component>
      <object_component id="oc-1b4">
         <name>.text</name>
         <load_address>0x281c</load_address>
         <run_address>0x281c</run_address>
         <size>0x67</size>
         <input_file_ref idref="fl-70"/>
      </object_component>
      <object_component id="oc-172">
         <name>.text</name>
         <load_address>0x2884</load_address>
         <run_address>0x2884</run_address>
         <size>0x5c</size>
         <input_file_ref idref="fl-62"/>
      </object_component>
      <object_component id="oc-1a3">
         <name>.text</name>
         <load_address>0x28e0</load_address>
         <run_address>0x28e0</run_address>
         <size>0x54</size>
         <input_file_ref idref="fl-6c"/>
      </object_component>
      <object_component id="oc-1da">
         <name>.text</name>
         <load_address>0x2934</load_address>
         <run_address>0x2934</run_address>
         <size>0x3f</size>
         <input_file_ref idref="fl-77"/>
      </object_component>
      <object_component id="oc-1cf">
         <name>.text</name>
         <load_address>0x2973</load_address>
         <run_address>0x2973</run_address>
         <size>0x3e</size>
         <input_file_ref idref="fl-75"/>
      </object_component>
      <object_component id="oc-1b9">
         <name>.text</name>
         <load_address>0x29b1</load_address>
         <run_address>0x29b1</run_address>
         <size>0x13</size>
         <input_file_ref idref="fl-71"/>
      </object_component>
      <object_component id="oc-1bd">
         <name>.text</name>
         <load_address>0x29c4</load_address>
         <run_address>0x29c4</run_address>
         <size>0x12</size>
         <input_file_ref idref="fl-72"/>
      </object_component>
      <object_component id="oc-1b0">
         <name>.text</name>
         <load_address>0x29d6</load_address>
         <run_address>0x29d6</run_address>
         <size>0xc</size>
         <input_file_ref idref="fl-6f"/>
      </object_component>
      <object_component id="oc-1d3">
         <name>.text:CIO_breakpoint</name>
         <load_address>0x29e2</load_address>
         <run_address>0x29e2</run_address>
         <size>0x7</size>
         <input_file_ref idref="fl-75"/>
      </object_component>
      <object_component id="oc-138">
         <name>.sysinit</name>
         <load_address>0x9174</load_address>
         <run_address>0x9174</run_address>
         <size>0x111</size>
         <input_file_ref idref="fl-53"/>
      </object_component>
      <object_component id="oc-6f">
         <name>.sysinit</name>
         <load_address>0x9285</load_address>
         <run_address>0x9285</run_address>
         <size>0xd5</size>
         <input_file_ref idref="fl-c"/>
      </object_component>
      <object_component id="oc-16a">
         <name>.sysinit</name>
         <load_address>0x935c</load_address>
         <run_address>0x935c</run_address>
         <size>0x84</size>
         <input_file_ref idref="fl-60"/>
      </object_component>
      <object_component id="oc-1d6">
         <name>.sysinit</name>
         <load_address>0x93e0</load_address>
         <run_address>0x93e0</run_address>
         <size>0x71</size>
         <input_file_ref idref="fl-76"/>
      </object_component>
      <object_component id="oc-46">
         <name>.sysinit</name>
         <load_address>0x9451</load_address>
         <run_address>0x9451</run_address>
         <size>0x6f</size>
         <input_file_ref idref="fl-34"/>
      </object_component>
      <object_component id="oc-13e">
         <name>.sysinit</name>
         <load_address>0x94c0</load_address>
         <run_address>0x94c0</run_address>
         <size>0x2</size>
         <input_file_ref idref="fl-54"/>
      </object_component>
      <object_component id="oc-b4">
         <name>.trcdata</name>
         <load_address>0x9e50</load_address>
         <run_address>0x9e50</run_address>
         <size>0x6</size>
         <input_file_ref idref="fl-35"/>
      </object_component>
      <object_component id="oc-1f4">
         <name>.rtdx_text:_RTDX_write_next</name>
         <load_address>0x722c</load_address>
         <run_address>0x722c</run_address>
         <size>0x1db</size>
         <input_file_ref idref="fl-57"/>
      </object_component>
      <object_component id="oc-1ef">
         <name>.rtdx_text:_RTDX_Buffer_WriteCB</name>
         <load_address>0x7407</load_address>
         <run_address>0x7407</run_address>
         <size>0x17c</size>
         <input_file_ref idref="fl-57"/>
      </object_component>
      <object_component id="oc-1e8">
         <name>.rtdx_text:_RTDX_Init_RT_Monitor</name>
         <load_address>0x7583</load_address>
         <run_address>0x7583</run_address>
         <size>0x10f</size>
         <input_file_ref idref="fl-58"/>
      </object_component>
      <object_component id="oc-1e3">
         <name>.rtdx_text:_RTDX_Poll</name>
         <load_address>0x7692</load_address>
         <run_address>0x7692</run_address>
         <size>0xec</size>
         <input_file_ref idref="fl-58"/>
      </object_component>
      <object_component id="oc-1f3">
         <name>.rtdx_text:_claim</name>
         <load_address>0x777e</load_address>
         <run_address>0x777e</run_address>
         <size>0xb5</size>
         <input_file_ref idref="fl-57"/>
      </object_component>
      <object_component id="oc-1ec">
         <name>.rtdx_text:_StartXFer</name>
         <load_address>0x7833</load_address>
         <run_address>0x7833</run_address>
         <size>0x93</size>
         <input_file_ref idref="fl-58"/>
      </object_component>
      <object_component id="oc-1f5">
         <name>.rtdx_text:_RTDX_Mon_Queue</name>
         <load_address>0x78c6</load_address>
         <run_address>0x78c6</run_address>
         <size>0x88</size>
         <input_file_ref idref="fl-58"/>
      </object_component>
      <object_component id="oc-1e4">
         <name>.rtdx_text:_RTDX_H2TPoll</name>
         <load_address>0x794e</load_address>
         <run_address>0x794e</run_address>
         <size>0x65</size>
         <input_file_ref idref="fl-58"/>
      </object_component>
      <object_component id="oc-1e7">
         <name>.rtdx_text:_RTDX_Buffer_Initialize</name>
         <load_address>0x79b3</load_address>
         <run_address>0x79b3</run_address>
         <size>0x53</size>
         <input_file_ref idref="fl-57"/>
      </object_component>
      <object_component id="oc-1ee">
         <name>.rtdx_text:_RTDX_Buffer_ReadCB</name>
         <load_address>0x7a06</load_address>
         <run_address>0x7a06</run_address>
         <size>0x4b</size>
         <input_file_ref idref="fl-56"/>
      </object_component>
      <object_component id="oc-1f1">
         <name>.rtdx_text:_RTDX_Final_RT_Monitor</name>
         <load_address>0x7a51</load_address>
         <run_address>0x7a51</run_address>
         <size>0x3c</size>
         <input_file_ref idref="fl-58"/>
      </object_component>
      <object_component id="oc-1f2">
         <name>.rtdx_text:_RTDX_Buffer_Size</name>
         <load_address>0x7a8d</load_address>
         <run_address>0x7a8d</run_address>
         <size>0x3b</size>
         <input_file_ref idref="fl-57"/>
      </object_component>
      <object_component id="oc-1e9">
         <name>.rtdx_text:_RTDX_Mask_IER</name>
         <load_address>0x7ac8</load_address>
         <run_address>0x7ac8</run_address>
         <size>0x2a</size>
         <input_file_ref idref="fl-59"/>
      </object_component>
      <object_component id="oc-1e5">
         <name>.rtdx_text:_RTDX_Buffer_Read</name>
         <load_address>0x7af2</load_address>
         <run_address>0x7af2</run_address>
         <size>0x22</size>
         <input_file_ref idref="fl-56"/>
      </object_component>
      <object_component id="oc-1ed">
         <name>.rtdx_text:_RTDX_Set_IER</name>
         <load_address>0x7b14</load_address>
         <run_address>0x7b14</run_address>
         <size>0x1e</size>
         <input_file_ref idref="fl-59"/>
      </object_component>
      <object_component id="oc-1e6">
         <name>.rtdx_text:_RTDX_Buffer_Write</name>
         <load_address>0x7b32</load_address>
         <run_address>0x7b32</run_address>
         <size>0x1c</size>
         <input_file_ref idref="fl-57"/>
      </object_component>
      <object_component id="oc-1ea">
         <name>.rtdx_text:_Allow_EmuAccess</name>
         <load_address>0x7b4e</load_address>
         <run_address>0x7b4e</run_address>
         <size>0x17</size>
         <input_file_ref idref="fl-58"/>
      </object_component>
      <object_component id="oc-1eb">
         <name>.rtdx_text:_Disallow_EmuAccess</name>
         <load_address>0x7b65</load_address>
         <run_address>0x7b65</run_address>
         <size>0x4</size>
         <input_file_ref idref="fl-58"/>
      </object_component>
      <object_component id="oc-1f0">
         <name>.rtdx_text:_Wait</name>
         <load_address>0x7b69</load_address>
         <run_address>0x7b69</run_address>
         <size>0x4</size>
         <input_file_ref idref="fl-58"/>
      </object_component>
      <object_component id="oc-5e">
         <name>.sys</name>
         <uninitialized>true</uninitialized>
         <run_address>0x9e2c</run_address>
         <size>0x10</size>
         <input_file_ref idref="fl-c"/>
      </object_component>
      <object_component id="oc-5b">
         <name>.cinit</name>
         <load_address>0x687c</load_address>
         <run_address>0x687c</run_address>
         <size>0x4f4</size>
         <input_file_ref idref="fl-c"/>
      </object_component>
      <object_component id="oc-81">
         <name>.cinit</name>
         <load_address>0x6d70</load_address>
         <run_address>0x6d70</run_address>
         <size>0x15e</size>
         <input_file_ref idref="fl-27"/>
      </object_component>
      <object_component id="oc-11e">
         <name>.cinit</name>
         <load_address>0x6ece</load_address>
         <run_address>0x6ece</run_address>
         <size>0x140</size>
         <input_file_ref idref="fl-4d"/>
      </object_component>
      <object_component id="oc-158">
         <name>.cinit</name>
         <load_address>0x700e</load_address>
         <run_address>0x700e</run_address>
         <size>0x62</size>
         <input_file_ref idref="fl-5c"/>
      </object_component>
      <object_component id="oc-174">
         <name>.cinit</name>
         <load_address>0x7070</load_address>
         <run_address>0x7070</run_address>
         <size>0x5c</size>
         <input_file_ref idref="fl-62"/>
      </object_component>
      <object_component id="oc-da">
         <name>.cinit</name>
         <load_address>0x70cc</load_address>
         <run_address>0x70cc</run_address>
         <size>0x32</size>
         <input_file_ref idref="fl-3d"/>
      </object_component>
      <object_component id="oc-147">
         <name>.cinit</name>
         <load_address>0x70fe</load_address>
         <run_address>0x70fe</run_address>
         <size>0x2e</size>
         <input_file_ref idref="fl-57"/>
      </object_component>
      <object_component id="oc-a4">
         <name>.cinit</name>
         <load_address>0x712c</load_address>
         <run_address>0x712c</run_address>
         <size>0x1e</size>
         <input_file_ref idref="fl-31"/>
      </object_component>
      <object_component id="oc-77">
         <name>.cinit</name>
         <load_address>0x714a</load_address>
         <run_address>0x714a</run_address>
         <size>0x1a</size>
         <input_file_ref idref="fl-d"/>
      </object_component>
      <object_component id="oc-53">
         <name>.cinit</name>
         <load_address>0x7164</load_address>
         <run_address>0x7164</run_address>
         <size>0x18</size>
         <input_file_ref idref="fl-a"/>
      </object_component>
      <object_component id="oc-127">
         <name>.cinit</name>
         <load_address>0x717c</load_address>
         <run_address>0x717c</run_address>
         <size>0x16</size>
         <input_file_ref idref="fl-4f"/>
      </object_component>
      <object_component id="oc-13d">
         <name>.cinit</name>
         <load_address>0x7192</load_address>
         <run_address>0x7192</run_address>
         <size>0x14</size>
         <input_file_ref idref="fl-54"/>
      </object_component>
      <object_component id="oc-166">
         <name>.cinit</name>
         <load_address>0x71a6</load_address>
         <run_address>0x71a6</run_address>
         <size>0x14</size>
         <input_file_ref idref="fl-5f"/>
      </object_component>
      <object_component id="oc-1c0">
         <name>.cinit</name>
         <load_address>0x71ba</load_address>
         <run_address>0x71ba</run_address>
         <size>0x14</size>
         <input_file_ref idref="fl-72"/>
      </object_component>
      <object_component id="oc-1d2">
         <name>.cinit</name>
         <load_address>0x71ce</load_address>
         <run_address>0x71ce</run_address>
         <size>0x14</size>
         <input_file_ref idref="fl-75"/>
      </object_component>
      <object_component id="oc-c8">
         <name>.cinit</name>
         <load_address>0x71e2</load_address>
         <run_address>0x71e2</run_address>
         <size>0x12</size>
         <input_file_ref idref="fl-39"/>
      </object_component>
      <object_component id="oc-1c6">
         <name>.cinit</name>
         <load_address>0x71f4</load_address>
         <run_address>0x71f4</run_address>
         <size>0x10</size>
         <input_file_ref idref="fl-73"/>
      </object_component>
      <object_component id="oc-be">
         <name>.cinit</name>
         <load_address>0x7204</load_address>
         <run_address>0x7204</run_address>
         <size>0xa</size>
         <input_file_ref idref="fl-37"/>
      </object_component>
      <object_component id="oc-85">
         <name>.cinit</name>
         <load_address>0x720e</load_address>
         <run_address>0x720e</run_address>
         <size>0xa</size>
         <input_file_ref idref="fl-28"/>
      </object_component>
      <object_component id="oc-1cc">
         <name>.cinit</name>
         <load_address>0x7218</load_address>
         <run_address>0x7218</run_address>
         <size>0xa</size>
         <input_file_ref idref="fl-74"/>
      </object_component>
      <object_component id="oc-19a">
         <name>.cinit</name>
         <load_address>0x7222</load_address>
         <run_address>0x7222</run_address>
         <size>0x8</size>
         <input_file_ref idref="fl-6a"/>
      </object_component>
      <object_component id="oc-14a">
         <name>.pinit</name>
         <load_address>0x9e3c</load_address>
         <run_address>0x9e3c</run_address>
         <size>0x4</size>
         <input_file_ref idref="fl-57"/>
      </object_component>
      <object_component id="oc-14d">
         <name>.pinit</name>
         <load_address>0x9e40</load_address>
         <run_address>0x9e40</run_address>
         <size>0x4</size>
         <input_file_ref idref="fl-58"/>
      </object_component>
      <object_component id="oc-59">
         <name>.gblinit</name>
         <load_address>0x9d44</load_address>
         <run_address>0x9d44</run_address>
         <size>0x42</size>
         <input_file_ref idref="fl-c"/>
      </object_component>
      <object_component id="oc-5c">
         <name>.rtdx_data</name>
         <uninitialized>true</uninitialized>
         <run_address>0x94c4</run_address>
         <size>0x204</size>
         <input_file_ref idref="fl-c"/>
      </object_component>
      <object_component id="oc-142">
         <name>.rtdx_data</name>
         <uninitialized>true</uninitialized>
         <run_address>0x970c</run_address>
         <size>0x8</size>
         <input_file_ref idref="fl-55"/>
      </object_component>
      <object_component id="oc-148">
         <name>.rtdx_data</name>
         <uninitialized>true</uninitialized>
         <run_address>0x96ec</run_address>
         <size>0x20</size>
         <input_file_ref idref="fl-57"/>
      </object_component>
      <object_component id="oc-14b">
         <name>.rtdx_data</name>
         <uninitialized>true</uninitialized>
         <run_address>0x96c8</run_address>
         <size>0x24</size>
         <input_file_ref idref="fl-58"/>
      </object_component>
      <object_component id="oc-68">
         <name>.TSK_idle$stk</name>
         <uninitialized>true</uninitialized>
         <run_address>0x5e7c</run_address>
         <size>0xa00</size>
         <input_file_ref idref="fl-c"/>
      </object_component>
      <object_component id="oc-176">
         <name>.const</name>
         <load_address>0x9a30</load_address>
         <run_address>0x9a30</run_address>
         <size>0x9e</size>
         <input_file_ref idref="fl-62"/>
      </object_component>
      <object_component id="oc-9b">
         <name>.const</name>
         <load_address>0x9ad0</load_address>
         <run_address>0x9ad0</run_address>
         <size>0x46</size>
         <input_file_ref idref="fl-2f"/>
      </object_component>
      <object_component id="oc-9f">
         <name>.const</name>
         <load_address>0x9b18</load_address>
         <run_address>0x9b18</run_address>
         <size>0x44</size>
         <input_file_ref idref="fl-30"/>
      </object_component>
      <object_component id="oc-79">
         <name>.const</name>
         <load_address>0x9b5c</load_address>
         <run_address>0x9b5c</run_address>
         <size>0xc</size>
         <input_file_ref idref="fl-d"/>
      </object_component>
      <object_component id="oc-14c">
         <name>.const</name>
         <load_address>0x9b68</load_address>
         <run_address>0x9b68</run_address>
         <size>0xc</size>
         <input_file_ref idref="fl-58"/>
      </object_component>
      <object_component id="oc-149">
         <name>.const</name>
         <load_address>0x9b74</load_address>
         <run_address>0x9b74</run_address>
         <size>0x8</size>
         <input_file_ref idref="fl-57"/>
      </object_component>
      <object_component id="oc-1b6">
         <name>.const</name>
         <load_address>0x9b7c</load_address>
         <run_address>0x9b7c</run_address>
         <size>0x4</size>
         <input_file_ref idref="fl-70"/>
      </object_component>
      <object_component id="oc-159">
         <name>.const</name>
         <load_address>0x9b80</load_address>
         <run_address>0x9b80</run_address>
         <size>0x2</size>
         <input_file_ref idref="fl-5c"/>
      </object_component>
      <object_component id="oc-5d">
         <name>.printf</name>
         <load_address>0x9b82</load_address>
         <run_address>0x9b82</run_address>
         <size>0xfc</size>
         <input_file_ref idref="fl-c"/>
      </object_component>
      <object_component id="oc-6c">
         <name>.LOG_system$buf</name>
         <uninitialized>true</uninitialized>
         <run_address>0x7c00</run_address>
         <size>0x400</size>
         <input_file_ref idref="fl-c"/>
      </object_component>
      <object_component id="oc-6e">
         <name>.trace$buf</name>
         <uninitialized>true</uninitialized>
         <run_address>0x8000</run_address>
         <size>0x800</size>
         <input_file_ref idref="fl-c"/>
      </object_component>
      <object_component id="oc-62">
         <name>.hst1</name>
         <uninitialized>true</uninitialized>
         <run_address>0x9dfc</run_address>
         <size>0x10</size>
         <input_file_ref idref="fl-c"/>
      </object_component>
      <object_component id="oc-65">
         <name>.hst0</name>
         <uninitialized>true</uninitialized>
         <run_address>0x7b70</run_address>
         <size>0x80</size>
         <input_file_ref idref="fl-c"/>
      </object_component>
      <object_component id="oc-b0">
         <name>.args</name>
         <load_address>0x7bf0</load_address>
         <run_address>0x7bf0</run_address>
         <size>0x0</size>
         <input_file_ref idref="fl-34"/>
      </object_component>
      <object_component id="oc-30">
         <name>_SYS_PUTCBEG</name>
         <load_address>0x8d74</load_address>
         <run_address>0x8d74</run_address>
         <size>0x0</size>
      </object_component>
      <object_component id="oc-32">
         <name>_SYS_PUTCEND</name>
         <load_address>0x9174</load_address>
         <run_address>0x9174</run_address>
         <size>0x0</size>
      </object_component>
      <object_component id="oc-63">
         <name>.hst</name>
         <uninitialized>true</uninitialized>
         <run_address>0x9d88</run_address>
         <size>0x34</size>
         <input_file_ref idref="fl-c"/>
      </object_component>
      <object_component id="oc-6d">
         <name>.log</name>
         <uninitialized>true</uninitialized>
         <run_address>0x9dbc</run_address>
         <size>0x28</size>
         <input_file_ref idref="fl-c"/>
      </object_component>
      <object_component id="oc-64">
         <name>.pip</name>
         <uninitialized>true</uninitialized>
         <run_address>0x9b84</run_address>
         <size>0xc8</size>
         <input_file_ref idref="fl-c"/>
      </object_component>
      <object_component id="oc-61">
         <name>.sts</name>
         <uninitialized>true</uninitialized>
         <run_address>0x9ca4</run_address>
         <size>0x50</size>
         <input_file_ref idref="fl-c"/>
      </object_component>
      <object_component id="oc-39">
         <name>GBL_sysstackbeg</name>
         <uninitialized>true</uninitialized>
         <run_address>0x4a7c</run_address>
         <size>0x0</size>
      </object_component>
      <object_component id="oc-1e2">
         <name>.sysstack</name>
         <uninitialized>true</uninitialized>
         <run_address>0x4a7c</run_address>
         <size>0x0</size>
         <input_file_ref idref="fl-34"/>
      </object_component>
      <object_component id="oc-231">
         <name>.sysstack</name>
         <uninitialized>true</uninitialized>
         <run_address>0x4a7c</run_address>
         <size>0x0</size>
      </object_component>
      <object_component id="oc-3c">
         <name>GBL_stackbeg</name>
         <uninitialized>true</uninitialized>
         <run_address>0x4c7c</run_address>
         <size>0x0</size>
      </object_component>
      <object_component id="oc-af">
         <name>.stack</name>
         <uninitialized>true</uninitialized>
         <run_address>0x4c7c</run_address>
         <size>0x0</size>
         <input_file_ref idref="fl-34"/>
      </object_component>
      <object_component id="oc-230">
         <name>.stack</name>
         <uninitialized>true</uninitialized>
         <run_address>0x4c7c</run_address>
         <size>0x0</size>
      </object_component>
      <object_component id="oc-66">
         <name>.hwi_vec</name>
         <load_address>0xff00</load_address>
         <run_address>0xff00</run_address>
         <size>0x100</size>
         <input_file_ref idref="fl-c"/>
      </object_component>
      <object_component id="oc-52">
         <name>.debug_info</name>
         <load_address>0x0</load_address>
         <run_address>0x0</run_address>
         <size>0x86f</size>
         <input_file_ref idref="fl-a"/>
      </object_component>
      <object_component id="oc-57">
         <name>.debug_info</name>
         <load_address>0x86f</load_address>
         <run_address>0x86f</run_address>
         <size>0x483</size>
         <input_file_ref idref="fl-b"/>
      </object_component>
      <object_component id="oc-71">
         <name>.debug_info</name>
         <load_address>0xcf2</load_address>
         <run_address>0xcf2</run_address>
         <size>0x1c6</size>
         <input_file_ref idref="fl-c"/>
      </object_component>
      <object_component id="oc-76">
         <name>.debug_info</name>
         <load_address>0xeb8</load_address>
         <run_address>0xeb8</run_address>
         <size>0x2c67</size>
         <input_file_ref idref="fl-d"/>
      </object_component>
      <object_component id="oc-7e">
         <name>.debug_info</name>
         <load_address>0x3b1f</load_address>
         <run_address>0x3b1f</run_address>
         <size>0x15e</size>
         <input_file_ref idref="fl-26"/>
      </object_component>
      <object_component id="oc-83">
         <name>.debug_info</name>
         <load_address>0x3c7d</load_address>
         <run_address>0x3c7d</run_address>
         <size>0x80</size>
         <input_file_ref idref="fl-27"/>
      </object_component>
      <object_component id="oc-87">
         <name>.debug_info</name>
         <load_address>0x3cfd</load_address>
         <run_address>0x3cfd</run_address>
         <size>0x194</size>
         <input_file_ref idref="fl-28"/>
      </object_component>
      <object_component id="oc-8a">
         <name>.debug_info</name>
         <load_address>0x3e91</load_address>
         <run_address>0x3e91</run_address>
         <size>0x34b</size>
         <input_file_ref idref="fl-29"/>
      </object_component>
      <object_component id="oc-8d">
         <name>.debug_info</name>
         <load_address>0x41dc</load_address>
         <run_address>0x41dc</run_address>
         <size>0xf8</size>
         <input_file_ref idref="fl-2a"/>
      </object_component>
      <object_component id="oc-90">
         <name>.debug_info</name>
         <load_address>0x42d4</load_address>
         <run_address>0x42d4</run_address>
         <size>0x6e4</size>
         <input_file_ref idref="fl-2b"/>
      </object_component>
      <object_component id="oc-93">
         <name>.debug_info</name>
         <load_address>0x49b8</load_address>
         <run_address>0x49b8</run_address>
         <size>0x7e8</size>
         <input_file_ref idref="fl-2c"/>
      </object_component>
      <object_component id="oc-96">
         <name>.debug_info</name>
         <load_address>0x51a0</load_address>
         <run_address>0x51a0</run_address>
         <size>0x3ec</size>
         <input_file_ref idref="fl-2d"/>
      </object_component>
      <object_component id="oc-99">
         <name>.debug_info</name>
         <load_address>0x558c</load_address>
         <run_address>0x558c</run_address>
         <size>0xd4</size>
         <input_file_ref idref="fl-2e"/>
      </object_component>
      <object_component id="oc-9d">
         <name>.debug_info</name>
         <load_address>0x5660</load_address>
         <run_address>0x5660</run_address>
         <size>0x5ff</size>
         <input_file_ref idref="fl-2f"/>
      </object_component>
      <object_component id="oc-a1">
         <name>.debug_info</name>
         <load_address>0x5c5f</load_address>
         <run_address>0x5c5f</run_address>
         <size>0x5f6</size>
         <input_file_ref idref="fl-30"/>
      </object_component>
      <object_component id="oc-a6">
         <name>.debug_info</name>
         <load_address>0x6255</load_address>
         <run_address>0x6255</run_address>
         <size>0x4c5</size>
         <input_file_ref idref="fl-31"/>
      </object_component>
      <object_component id="oc-a9">
         <name>.debug_info</name>
         <load_address>0x671a</load_address>
         <run_address>0x671a</run_address>
         <size>0x485</size>
         <input_file_ref idref="fl-32"/>
      </object_component>
      <object_component id="oc-ad">
         <name>.debug_info</name>
         <load_address>0x6b9f</load_address>
         <run_address>0x6b9f</run_address>
         <size>0xc3</size>
         <input_file_ref idref="fl-33"/>
      </object_component>
      <object_component id="oc-b2">
         <name>.debug_info</name>
         <load_address>0x6c62</load_address>
         <run_address>0x6c62</run_address>
         <size>0x108</size>
         <input_file_ref idref="fl-34"/>
      </object_component>
      <object_component id="oc-b6">
         <name>.debug_info</name>
         <load_address>0x6d6a</load_address>
         <run_address>0x6d6a</run_address>
         <size>0x7a</size>
         <input_file_ref idref="fl-35"/>
      </object_component>
      <object_component id="oc-bb">
         <name>.debug_info</name>
         <load_address>0x6de4</load_address>
         <run_address>0x6de4</run_address>
         <size>0x83d</size>
         <input_file_ref idref="fl-36"/>
      </object_component>
      <object_component id="oc-c1">
         <name>.debug_info</name>
         <load_address>0x7621</load_address>
         <run_address>0x7621</run_address>
         <size>0x12d</size>
         <input_file_ref idref="fl-37"/>
      </object_component>
      <object_component id="oc-c5">
         <name>.debug_info</name>
         <load_address>0x774e</load_address>
         <run_address>0x774e</run_address>
         <size>0xbb</size>
         <input_file_ref idref="fl-38"/>
      </object_component>
      <object_component id="oc-cb">
         <name>.debug_info</name>
         <load_address>0x7809</load_address>
         <run_address>0x7809</run_address>
         <size>0x406</size>
         <input_file_ref idref="fl-39"/>
      </object_component>
      <object_component id="oc-cf">
         <name>.debug_info</name>
         <load_address>0x7c0f</load_address>
         <run_address>0x7c0f</run_address>
         <size>0xb3</size>
         <input_file_ref idref="fl-3a"/>
      </object_component>
      <object_component id="oc-d3">
         <name>.debug_info</name>
         <load_address>0x7cc2</load_address>
         <run_address>0x7cc2</run_address>
         <size>0x187</size>
         <input_file_ref idref="fl-3b"/>
      </object_component>
      <object_component id="oc-d7">
         <name>.debug_info</name>
         <load_address>0x7e49</load_address>
         <run_address>0x7e49</run_address>
         <size>0x123</size>
         <input_file_ref idref="fl-3c"/>
      </object_component>
      <object_component id="oc-dd">
         <name>.debug_info</name>
         <load_address>0x7f6c</load_address>
         <run_address>0x7f6c</run_address>
         <size>0x23d</size>
         <input_file_ref idref="fl-3d"/>
      </object_component>
      <object_component id="oc-e1">
         <name>.debug_info</name>
         <load_address>0x81a9</load_address>
         <run_address>0x81a9</run_address>
         <size>0x11f</size>
         <input_file_ref idref="fl-3e"/>
      </object_component>
      <object_component id="oc-e5">
         <name>.debug_info</name>
         <load_address>0x82c8</load_address>
         <run_address>0x82c8</run_address>
         <size>0x3ff</size>
         <input_file_ref idref="fl-3f"/>
      </object_component>
      <object_component id="oc-e9">
         <name>.debug_info</name>
         <load_address>0x86c7</load_address>
         <run_address>0x86c7</run_address>
         <size>0x3e1</size>
         <input_file_ref idref="fl-40"/>
      </object_component>
      <object_component id="oc-ed">
         <name>.debug_info</name>
         <load_address>0x8aa8</load_address>
         <run_address>0x8aa8</run_address>
         <size>0x6c7</size>
         <input_file_ref idref="fl-41"/>
      </object_component>
      <object_component id="oc-f1">
         <name>.debug_info</name>
         <load_address>0x916f</load_address>
         <run_address>0x916f</run_address>
         <size>0x20b</size>
         <input_file_ref idref="fl-42"/>
      </object_component>
      <object_component id="oc-f5">
         <name>.debug_info</name>
         <load_address>0x937a</load_address>
         <run_address>0x937a</run_address>
         <size>0x4b0</size>
         <input_file_ref idref="fl-43"/>
      </object_component>
      <object_component id="oc-f9">
         <name>.debug_info</name>
         <load_address>0x982a</load_address>
         <run_address>0x982a</run_address>
         <size>0x419</size>
         <input_file_ref idref="fl-44"/>
      </object_component>
      <object_component id="oc-fd">
         <name>.debug_info</name>
         <load_address>0x9c43</load_address>
         <run_address>0x9c43</run_address>
         <size>0xc2</size>
         <input_file_ref idref="fl-45"/>
      </object_component>
      <object_component id="oc-101">
         <name>.debug_info</name>
         <load_address>0x9d05</load_address>
         <run_address>0x9d05</run_address>
         <size>0x59c</size>
         <input_file_ref idref="fl-46"/>
      </object_component>
      <object_component id="oc-105">
         <name>.debug_info</name>
         <load_address>0xa2a1</load_address>
         <run_address>0xa2a1</run_address>
         <size>0xd2</size>
         <input_file_ref idref="fl-47"/>
      </object_component>
      <object_component id="oc-109">
         <name>.debug_info</name>
         <load_address>0xa373</load_address>
         <run_address>0xa373</run_address>
         <size>0x681</size>
         <input_file_ref idref="fl-48"/>
      </object_component>
      <object_component id="oc-10d">
         <name>.debug_info</name>
         <load_address>0xa9f4</load_address>
         <run_address>0xa9f4</run_address>
         <size>0x1e27</size>
         <input_file_ref idref="fl-49"/>
      </object_component>
      <object_component id="oc-112">
         <name>.debug_info</name>
         <load_address>0xc81b</load_address>
         <run_address>0xc81b</run_address>
         <size>0x194</size>
         <input_file_ref idref="fl-4a"/>
      </object_component>
      <object_component id="oc-117">
         <name>.debug_info</name>
         <load_address>0xc9af</load_address>
         <run_address>0xc9af</run_address>
         <size>0x9b4</size>
         <input_file_ref idref="fl-4b"/>
      </object_component>
      <object_component id="oc-11b">
         <name>.debug_info</name>
         <load_address>0xd363</load_address>
         <run_address>0xd363</run_address>
         <size>0x170</size>
         <input_file_ref idref="fl-4c"/>
      </object_component>
      <object_component id="oc-120">
         <name>.debug_info</name>
         <load_address>0xd4d3</load_address>
         <run_address>0xd4d3</run_address>
         <size>0xa09</size>
         <input_file_ref idref="fl-4d"/>
      </object_component>
      <object_component id="oc-124">
         <name>.debug_info</name>
         <load_address>0xdedc</load_address>
         <run_address>0xdedc</run_address>
         <size>0xc06</size>
         <input_file_ref idref="fl-4e"/>
      </object_component>
      <object_component id="oc-12a">
         <name>.debug_info</name>
         <load_address>0xeae2</load_address>
         <run_address>0xeae2</run_address>
         <size>0x99f</size>
         <input_file_ref idref="fl-4f"/>
      </object_component>
      <object_component id="oc-12e">
         <name>.debug_info</name>
         <load_address>0xf481</load_address>
         <run_address>0xf481</run_address>
         <size>0x6b8</size>
         <input_file_ref idref="fl-50"/>
      </object_component>
      <object_component id="oc-132">
         <name>.debug_info</name>
         <load_address>0xfb39</load_address>
         <run_address>0xfb39</run_address>
         <size>0x78a</size>
         <input_file_ref idref="fl-51"/>
      </object_component>
      <object_component id="oc-136">
         <name>.debug_info</name>
         <load_address>0x102c3</load_address>
         <run_address>0x102c3</run_address>
         <size>0x7e</size>
         <input_file_ref idref="fl-52"/>
      </object_component>
      <object_component id="oc-13a">
         <name>.debug_info</name>
         <load_address>0x10341</load_address>
         <run_address>0x10341</run_address>
         <size>0x68e</size>
         <input_file_ref idref="fl-53"/>
      </object_component>
      <object_component id="oc-140">
         <name>.debug_info</name>
         <load_address>0x109cf</load_address>
         <run_address>0x109cf</run_address>
         <size>0x4a4</size>
         <input_file_ref idref="fl-54"/>
      </object_component>
      <object_component id="oc-144">
         <name>.debug_info</name>
         <load_address>0x10e73</load_address>
         <run_address>0x10e73</run_address>
         <size>0x408</size>
         <input_file_ref idref="fl-55"/>
      </object_component>
      <object_component id="oc-14f">
         <name>.debug_info</name>
         <load_address>0x1127b</load_address>
         <run_address>0x1127b</run_address>
         <size>0x22b8</size>
         <input_file_ref idref="fl-5a"/>
      </object_component>
      <object_component id="oc-155">
         <name>.debug_info</name>
         <load_address>0x13533</load_address>
         <run_address>0x13533</run_address>
         <size>0xb3</size>
         <input_file_ref idref="fl-5b"/>
      </object_component>
      <object_component id="oc-15b">
         <name>.debug_info</name>
         <load_address>0x135e6</load_address>
         <run_address>0x135e6</run_address>
         <size>0x8b3</size>
         <input_file_ref idref="fl-5c"/>
      </object_component>
      <object_component id="oc-15f">
         <name>.debug_info</name>
         <load_address>0x13e99</load_address>
         <run_address>0x13e99</run_address>
         <size>0xac4</size>
         <input_file_ref idref="fl-5d"/>
      </object_component>
      <object_component id="oc-163">
         <name>.debug_info</name>
         <load_address>0x1495d</load_address>
         <run_address>0x1495d</run_address>
         <size>0x580</size>
         <input_file_ref idref="fl-5e"/>
      </object_component>
      <object_component id="oc-168">
         <name>.debug_info</name>
         <load_address>0x14edd</load_address>
         <run_address>0x14edd</run_address>
         <size>0x44b</size>
         <input_file_ref idref="fl-5f"/>
      </object_component>
      <object_component id="oc-16c">
         <name>.debug_info</name>
         <load_address>0x15328</load_address>
         <run_address>0x15328</run_address>
         <size>0x7c6</size>
         <input_file_ref idref="fl-60"/>
[...]
         <name>_KNL_wFlag</name>
         <value>0x8984</value>
         <object_component_ref idref="oc-11d"/>
      </symbol>
      <symbol id="sm-64b">
         <name>_KNL_tdeletefxn</name>
         <value>0x8a8c</value>
         <object_component_ref idref="oc-11d"/>
      </symbol>
      <symbol id="sm-655">
         <name>_KNL_run</name>
         <value>0x37d8</value>
         <object_component_ref idref="oc-122"/>
      </symbol>
      <symbol id="sm-663">
         <name>_KNL_tick</name>
         <value>0x3a94</value>
         <object_component_ref idref="oc-128"/>
      </symbol>
      <symbol id="sm-66d">
         <name>_KNL_post</name>
         <value>0x490c</value>
         <object_component_ref idref="oc-12c"/>
      </symbol>
      <symbol id="sm-677">
         <name>_KNL_ipost</name>
         <value>0x45d8</value>
         <object_component_ref idref="oc-130"/>
      </symbol>
      <symbol id="sm-681">
         <name>_MEM</name>
         <value>0x8d6c</value>
         <object_component_ref idref="oc-134"/>
      </symbol>
      <symbol id="sm-68b">
         <name>_MEM_init</name>
         <value>0x9174</value>
         <object_component_ref idref="oc-138"/>
      </symbol>
      <symbol id="sm-699">
         <name>_OBJ_table</name>
         <value>0x8c50</value>
         <object_component_ref idref="oc-13c"/>
      </symbol>
      <symbol id="sm-69a">
         <name>_OBJ_init</name>
         <value>0x94c0</value>
         <object_component_ref idref="oc-13e"/>
      </symbol>
      <symbol id="sm-69b">
         <name>_OBJ_segtab</name>
         <value>0x8c88</value>
         <object_component_ref idref="oc-13c"/>
      </symbol>
      <symbol id="sm-6a5">
         <name>_RTDX_Buffer_Start</name>
         <value>0x970c</value>
         <object_component_ref idref="oc-142"/>
      </symbol>
      <symbol id="sm-6a6">
         <name>_RTDX_Buffer_End</name>
         <value>0x9710</value>
         <object_component_ref idref="oc-142"/>
      </symbol>
      <symbol id="sm-6ac">
         <name>_RTDX_Buffer_ReadCB</name>
         <value>0x7a06</value>
         <object_component_ref idref="oc-1ee"/>
      </symbol>
      <symbol id="sm-6ad">
         <name>_RTDX_Buffer_Read</name>
         <value>0x7af2</value>
         <object_component_ref idref="oc-1e5"/>
      </symbol>
      <symbol id="sm-6c5">
         <name>_rtdx_buffer_state</name>
         <value>0x96ec</value>
         <object_component_ref idref="oc-148"/>
      </symbol>
      <symbol id="sm-6c6">
         <name>_RTDX_Buffer_WriteCB</name>
         <value>0x7407</value>
         <object_component_ref idref="oc-1ef"/>
      </symbol>
      <symbol id="sm-6c7">
         <name>_rtdxNullChanCnt</name>
         <value>0x8d44</value>
         <object_component_ref idref="oc-146"/>
      </symbol>
      <symbol id="sm-6c8">
         <name>_RTDX_writing</name>
         <value>0x96f8</value>
         <object_component_ref idref="oc-148"/>
      </symbol>
      <symbol id="sm-6c9">
         <name>_RTDX_Buffer_Initialize</name>
         <value>0x79b3</value>
         <object_component_ref idref="oc-1e7"/>
      </symbol>
      <symbol id="sm-6ca">
         <name>_RTDX_Buffer_Write</name>
         <value>0x7b32</value>
         <object_component_ref idref="oc-1e6"/>
      </symbol>
      <symbol id="sm-6cb">
         <name>_rtdxNullFuncCnt</name>
         <value>0x8d46</value>
         <object_component_ref idref="oc-146"/>
      </symbol>
      <symbol id="sm-6cc">
         <name>_RTDX_Buffer_Size</name>
         <value>0x7a8d</value>
         <object_component_ref idref="oc-1f2"/>
      </symbol>
      <symbol id="sm-6e6">
         <name>_RTDX_LMM</name>
         <value>0x1</value>
      </symbol>
      <symbol id="sm-6e7">
         <name>_RTDX_Mon_Queue</name>
         <value>0x78c6</value>
         <object_component_ref idref="oc-1f5"/>
      </symbol>
      <symbol id="sm-6e8">
         <name>_rtdx_mon_state</name>
         <value>0x96c8</value>
         <object_component_ref idref="oc-14b"/>
      </symbol>
      <symbol id="sm-6e9">
         <name>_RTDX_JTAGONLY</name>
         <value>0x3</value>
      </symbol>
      <symbol id="sm-6ea">
         <name>_RTDX_Final_RT_Monitor</name>
         <value>0x7a51</value>
         <object_component_ref idref="oc-1f1"/>
      </symbol>
      <symbol id="sm-6eb">
         <name>_RTDX_Poll</name>
         <value>0x7692</value>
         <object_component_ref idref="oc-1e3"/>
      </symbol>
      <symbol id="sm-6ec">
         <name>_RTDX_H2TPoll</name>
         <value>0x794e</value>
         <object_component_ref idref="oc-1e4"/>
      </symbol>
      <symbol id="sm-6ed">
         <name>_RTDX_Init_RT_Monitor</name>
         <value>0x7583</value>
         <object_component_ref idref="oc-1e8"/>
      </symbol>
      <symbol id="sm-6f3">
         <name>_RTDX_Set_IER</name>
         <value>0x7b14</value>
         <object_component_ref idref="oc-1ed"/>
      </symbol>
      <symbol id="sm-6f4">
         <name>_RTDX_Mask_IER</name>
         <value>0x7ac8</value>
         <object_component_ref idref="oc-1e9"/>
      </symbol>
      <symbol id="sm-740">
         <name>_SAR_chanClose</name>
         <value>0xe4e</value>
         <object_component_ref idref="oc-14e"/>
      </symbol>
      <symbol id="sm-741">
         <name>_SAR_readData</name>
         <value>0x1296</value>
         <object_component_ref idref="oc-14e"/>
      </symbol>
      <symbol id="sm-742">
         <name>_SAR_chanInit</name>
         <value>0xdd1</value>
         <object_component_ref idref="oc-14e"/>
      </symbol>
      <symbol id="sm-743">
         <name>_SAR_chanSetup</name>
         <value>0xfba</value>
         <object_component_ref idref="oc-14e"/>
      </symbol>
      <symbol id="sm-744">
         <name>_SAR_getConfig</name>
         <value>0xf48</value>
         <object_component_ref idref="oc-14e"/>
      </symbol>
      <symbol id="sm-745">
         <name>_SAR_chanOpen</name>
         <value>0xdec</value>
         <object_component_ref idref="oc-14e"/>
      </symbol>
      <symbol id="sm-746">
         <name>_SAR_getStatus</name>
         <value>0x182d</value>
         <object_component_ref idref="oc-14e"/>
      </symbol>
      <symbol id="sm-747">
         <name>_SAR_GPODirSet</name>
         <value>0x1751</value>
         <object_component_ref idref="oc-14e"/>
      </symbol>
      <symbol id="sm-748">
         <name>_SAR_chanCycSet</name>
         <value>0x11ce</value>
         <object_component_ref idref="oc-14e"/>
      </symbol>
      <symbol id="sm-749">
         <name>_SAR_stopConversion</name>
         <value>0x124f</value>
         <object_component_ref idref="oc-14e"/>
      </symbol>
      <symbol id="sm-74a">
         <name>_SAR_A2DMeasParamSet</name>
         <value>0x12d7</value>
         <object_component_ref idref="oc-14e"/>
      </symbol>
      <symbol id="sm-74b">
         <name>_SAR_chanConfig</name>
         <value>0xed2</value>
         <object_component_ref idref="oc-14e"/>
      </symbol>
      <symbol id="sm-74c">
         <name>_SAR_deInit</name>
         <value>0xdb1</value>
         <object_component_ref idref="oc-14e"/>
      </symbol>
      <symbol id="sm-74d">
         <name>_SAR_init</name>
         <value>0xd54</value>
         <object_component_ref idref="oc-14e"/>
      </symbol>
      <symbol id="sm-74e">
         <name>_SAR_startConversion</name>
         <value>0x121d</value>
         <object_component_ref idref="oc-14e"/>
      </symbol>
      <symbol id="sm-758">
         <name>_STS_set</name>
         <value>0x4a64</value>
         <object_component_ref idref="oc-153"/>
      </symbol>
      <symbol id="sm-766">
         <name>_TSK_nTasks</name>
         <value>0x8ba0</value>
         <object_component_ref idref="oc-157"/>
      </symbol>
      <symbol id="sm-767">
         <name>_TSK_config</name>
         <value>0x8bc0</value>
         <object_component_ref idref="oc-157"/>
      </symbol>
      <symbol id="sm-768">
         <name>_TSK</name>
         <value>0x8bdc</value>
         <object_component_ref idref="oc-157"/>
      </symbol>
      <symbol id="sm-769">
         <name>_TSK_timerSem</name>
         <value>0x8be0</value>
         <object_component_ref idref="oc-157"/>
      </symbol>
      <symbol id="sm-76a">
         <name>_TSK_pid</name>
         <value>0x8ba2</value>
         <object_component_ref idref="oc-157"/>
      </symbol>
      <symbol id="sm-76b">
         <name>_TSK_ATTRS</name>
         <value>0x8ba4</value>
         <object_component_ref idref="oc-157"/>
      </symbol>
      <symbol id="sm-775">
         <name>_TSK_exit</name>
         <value>0x3f00</value>
         <object_component_ref idref="oc-15d"/>
      </symbol>
      <symbol id="sm-77f">
         <name>_SYS_exit</name>
         <value>0x47bc</value>
         <object_component_ref idref="oc-161"/>
      </symbol>
      <symbol id="sm-78b">
         <name>_SYS_exitStack</name>
         <value>0x8c98</value>
         <object_component_ref idref="oc-165"/>
      </symbol>
      <symbol id="sm-78c">
         <name>_SYS_exitStackPtr</name>
         <value>0x8cb8</value>
         <object_component_ref idref="oc-165"/>
      </symbol>
      <symbol id="sm-78d">
         <name>_SYS_exitStackTop</name>
         <value>0x8cbc</value>
         <object_component_ref idref="oc-165"/>
      </symbol>
      <symbol id="sm-797">
         <name>_TSK_init</name>
         <value>0x935c</value>
         <object_component_ref idref="oc-16a"/>
      </symbol>
      <symbol id="sm-7a1">
         <name>_TSK_setup</name>
         <value>0x3ff8</value>
         <object_component_ref idref="oc-16e"/>
      </symbol>
      <symbol id="sm-7b3">
         <name>__MEM_mutex</name>
         <value>0x8c28</value>
         <object_component_ref idref="oc-173"/>
      </symbol>
      <symbol id="sm-7b4">
         <name>_TSK_startup</name>
         <value>0x414c</value>
         <object_component_ref idref="oc-175"/>
      </symbol>
      <symbol id="sm-7b5">
         <name>__TSK_mutex</name>
         <value>0x8c00</value>
         <object_component_ref idref="oc-173"/>
      </symbol>
      <symbol id="sm-7bf">
         <name>_LCK_pend</name>
         <value>0x4654</value>
         <object_component_ref idref="oc-17a"/>
      </symbol>
      <symbol id="sm-7c0">
         <name>_LCK_post</name>
         <value>0x4634</value>
         <object_component_ref idref="oc-17a"/>
      </symbol>
      <symbol id="sm-7ca">
         <name>_SEM_pend</name>
         <value>0x46dd</value>
         <object_component_ref idref="oc-17e"/>
      </symbol>
      <symbol id="sm-7d4">
         <name>_SEM_pendEnterKnl</name>
         <value>0x34c4</value>
         <object_component_ref idref="oc-182"/>
      </symbol>
      <symbol id="sm-7de">
         <name>_SEM_postBinary</name>
         <value>0x448b</value>
         <object_component_ref idref="oc-186"/>
      </symbol>
      <symbol id="sm-7df">
         <name>_SEM_post</name>
         <value>0x448b</value>
         <object_component_ref idref="oc-186"/>
      </symbol>
      <symbol id="sm-7e9">
         <name>_SEM_postEnterKnl</name>
         <value>0x472c</value>
         <object_component_ref idref="oc-18a"/>
      </symbol>
      <symbol id="sm-7f3">
         <name>_SYS_abort</name>
         <value>0x4a38</value>
         <object_component_ref idref="oc-18e"/>
      </symbol>
      <symbol id="sm-807">
         <name>_USBSTK5515_GPIO_setOutput</name>
         <value>0x2386</value>
         <object_component_ref idref="oc-192"/>
      </symbol>
      <symbol id="sm-808">
         <name>_USBSTK5515_GPIO_setDirection</name>
         <value>0x2309</value>
         <object_component_ref idref="oc-192"/>
      </symbol>
      <symbol id="sm-809">
         <name>_USBSTK5515_GPIO_init</name>
         <value>0x2305</value>
         <object_component_ref idref="oc-192"/>
      </symbol>
      <symbol id="sm-80a">
         <name>_USBSTK5515_GPIO_getInput</name>
         <value>0x2403</value>
         <object_component_ref idref="oc-192"/>
      </symbol>
      <symbol id="sm-832">
         <name>_USBSTK5515_I2C_close</name>
         <value>0x247a</value>
         <object_component_ref idref="oc-197"/>
      </symbol>
      <symbol id="sm-833">
         <name>_USBSTK5515_I2C_read</name>
         <value>0x2520</value>
         <object_component_ref idref="oc-197"/>
      </symbol>
      <symbol id="sm-834">
         <name>_USBSTK5515_I2C_write</name>
         <value>0x2491</value>
         <object_component_ref idref="oc-197"/>
      </symbol>
      <symbol id="sm-835">
         <name>_USBSTK5515_I2C_reset</name>
         <value>0x2483</value>
         <object_component_ref idref="oc-197"/>
      </symbol>
      <symbol id="sm-836">
         <name>_i2c_timeout</name>
         <value>0x8c96</value>
         <object_component_ref idref="oc-198"/>
      </symbol>
      <symbol id="sm-837">
         <name>_USBSTK5515_I2C_init</name>
         <value>0x245b</value>
         <object_component_ref idref="oc-197"/>
      </symbol>
      <symbol id="sm-854">
         <name>_USBSTK5515_ULED_toggle</name>
         <value>0x212e</value>
         <object_component_ref idref="oc-19e"/>
      </symbol>
      <symbol id="sm-855">
         <name>_USBSTK5515_LED_on</name>
         <value>0x1fb5</value>
         <object_component_ref idref="oc-19e"/>
      </symbol>
      <symbol id="sm-856">
         <name>_USBSTK5515_LED_off</name>
         <value>0x1fc6</value>
         <object_component_ref idref="oc-19e"/>
      </symbol>
      <symbol id="sm-857">
         <name>_USBSTK5515_ULED_on</name>
         <value>0x20c6</value>
         <object_component_ref idref="oc-19e"/>
      </symbol>
      <symbol id="sm-858">
         <name>_USBSTK5515_ULED_off</name>
         <value>0x20fb</value>
         <object_component_ref idref="oc-19e"/>
      </symbol>
      <symbol id="sm-859">
         <name>_USBSTK5515_ULED_getall</name>
         <value>0x2006</value>
         <object_component_ref idref="oc-19e"/>
      </symbol>
      <symbol id="sm-85a">
         <name>_USBSTK5515_ULED_setall</name>
         <value>0x2058</value>
         <object_component_ref idref="oc-19e"/>
      </symbol>
      <symbol id="sm-85b">
         <name>_USBSTK5515_ULED_init</name>
         <value>0x1fd7</value>
         <object_component_ref idref="oc-19e"/>
      </symbol>
      <symbol id="sm-85c">
         <name>_USBSTK5515_LED_init</name>
         <value>0x1faa</value>
         <object_component_ref idref="oc-19e"/>
      </symbol>
      <symbol id="sm-86a">
         <name>_USBSTK5515_wait</name>
         <value>0x28e0</value>
         <object_component_ref idref="oc-1a3"/>
      </symbol>
      <symbol id="sm-86b">
         <name>_USBSTK5515_init</name>
         <value>0x2926</value>
         <object_component_ref idref="oc-1a3"/>
      </symbol>
      <symbol id="sm-86c">
         <name>_USBSTK5515_waitusec</name>
         <value>0x2914</value>
         <object_component_ref idref="oc-1a3"/>
      </symbol>
      <symbol id="sm-876">
         <name>__SEM_dopost</name>
         <value>0x3dfc</value>
         <object_component_ref idref="oc-1a8"/>
      </symbol>
      <symbol id="sm-880">
         <name>__eqld</name>
         <value>0x1f1e</value>
         <object_component_ref idref="oc-1ac"/>
      </symbol>
      <symbol id="sm-881">
         <name>__cmpd</name>
         <value>0x1f52</value>
         <object_component_ref idref="oc-1ac"/>
      </symbol>
      <symbol id="sm-882">
         <name>__neqd</name>
         <value>0x1dc0</value>
         <object_component_ref idref="oc-1ac"/>
      </symbol>
      <symbol id="sm-883">
         <name>__gtrd</name>
         <value>0x1e89</value>
         <object_component_ref idref="oc-1ac"/>
      </symbol>
      <symbol id="sm-884">
         <name>__geqd</name>
         <value>0x1ed4</value>
         <object_component_ref idref="oc-1ac"/>
      </symbol>
      <symbol id="sm-885">
         <name>__leqd</name>
         <value>0x1e3c</value>
         <object_component_ref idref="oc-1ac"/>
      </symbol>
      <symbol id="sm-886">
         <name>__lssd</name>
         <value>0x1df4</value>
         <object_component_ref idref="oc-1ac"/>
      </symbol>
      <symbol id="sm-890">
         <name>__fltid</name>
         <value>0x29d6</value>
         <object_component_ref idref="oc-1b0"/>
      </symbol>
      <symbol id="sm-89c">
         <name>__fltlid</name>
         <value>0x281c</value>
         <object_component_ref idref="oc-1b4"/>
      </symbol>
      <symbol id="sm-8a4">
         <name>__mpyli</name>
         <value>0x29b1</value>
         <object_component_ref idref="oc-1b9"/>
      </symbol>
      <symbol id="sm-8a5">
         <name>I$$LMPY</name>
         <value>0x29b1</value>
         <object_component_ref idref="oc-1b9"/>
      </symbol>
      <symbol id="sm-8b3">
         <name>__unlock</name>
         <value>0x8d54</value>
         <object_component_ref idref="oc-1be"/>
      </symbol>
      <symbol id="sm-8b4">
         <name>__lock</name>
         <value>0x8d50</value>
         <object_component_ref idref="oc-1be"/>
      </symbol>
      <symbol id="sm-8b5">
         <name>__register_lock</name>
         <value>0x29cc</value>
         <object_component_ref idref="oc-1bd"/>
      </symbol>
      <symbol id="sm-8b6">
         <name>__nop</name>
         <value>0x29d4</value>
         <object_component_ref idref="oc-1bd"/>
      </symbol>
      <symbol id="sm-8b7">
         <name>__register_unlock</name>
         <value>0x29c4</value>
         <object_component_ref idref="oc-1bd"/>
      </symbol>
      <symbol id="sm-8c5">
         <name>_atexit</name>
         <value>0x27ad</value>
         <object_component_ref idref="oc-1c3"/>
      </symbol>
      <symbol id="sm-8c6">
         <name>___atexit_func_id__</name>
         <value>0x8800</value>
         <object_component_ref idref="oc-1c4"/>
      </symbol>
      <symbol id="sm-8d4">
         <name>_dtors</name>
         <value>0x8d70</value>
         <object_component_ref idref="oc-1ca"/>
      </symbol>
      <symbol id="sm-8d5">
         <name>_call_dtors</name>
         <value>0x2738</value>
         <object_component_ref idref="oc-1c9"/>
      </symbol>
      <symbol id="sm-8d6">
         <name>___add_dtor</name>
         <value>0x278e</value>
         <object_component_ref idref="oc-1c9"/>
      </symbol>
      <symbol id="sm-8e6">
         <name>C$$EXIT</name>
         <value>0x29e3</value>
         <object_component_ref idref="oc-1d3"/>
      </symbol>
      <symbol id="sm-8e7">
         <name>_exit</name>
         <value>0x2973</value>
         <object_component_ref idref="oc-1cf"/>
      </symbol>
      <symbol id="sm-8e8">
         <name>_abort</name>
         <value>0x29e2</value>
         <object_component_ref idref="oc-1d3"/>
      </symbol>
      <symbol id="sm-8e9">
         <name>__cleanup_ptr</name>
         <value>0x8d58</value>
         <object_component_ref idref="oc-1d0"/>
      </symbol>
      <symbol id="sm-8ea">
         <name>__dtors_ptr</name>
         <value>0x8d5c</value>
         <object_component_ref idref="oc-1d0"/>
      </symbol>
      <symbol id="sm-8f4">
         <name>_auto_init</name>
         <value>0x93e0</value>
         <object_component_ref idref="oc-1d6"/>
      </symbol>
      <symbol id="sm-8fc">
         <name>_memcpy</name>
         <value>0x2934</value>
         <object_component_ref idref="oc-1da"/>
      </symbol>
      <symbol id="sm-906">
         <name>iRTA_F_or</name>
         <value>0x48be</value>
         <object_component_ref idref="oc-1de"/>
      </symbol>
      <symbol id="sm-907">
         <name>RTA_F_or</name>
         <value>0x48a7</value>
         <object_component_ref idref="oc-1de"/>
      </symbol>
      <symbol id="sm-908">
         <name>RTA_F_andn</name>
         <value>0x4891</value>
         <object_component_ref idref="oc-1de"/>
      </symbol>
   </symbol_table>
</link_info>
